Component: ARM Compiler 5.06 update 7 (build 960) Tool: armlink [4d3601]

==============================================================================

Section Cross References

    startup_stm32g431xx.o(RESET) refers to startup_stm32g431xx.o(STACK) for __initial_sp
    startup_stm32g431xx.o(RESET) refers to startup_stm32g431xx.o(.text) for Reset_Handler
    startup_stm32g431xx.o(RESET) refers to stm32g4xx_it.o(i.NMI_Handler) for NMI_Handler
    startup_stm32g431xx.o(RESET) refers to stm32g4xx_it.o(i.HardFault_Handler) for HardFault_Handler
    startup_stm32g431xx.o(RESET) refers to stm32g4xx_it.o(i.MemManage_Handler) for MemManage_Handler
    startup_stm32g431xx.o(RESET) refers to stm32g4xx_it.o(i.BusFault_Handler) for BusFault_Handler
    startup_stm32g431xx.o(RESET) refers to stm32g4xx_it.o(i.UsageFault_Handler) for UsageFault_Handler
    startup_stm32g431xx.o(RESET) refers to stm32g4xx_it.o(i.SVC_Handler) for SVC_Handler
    startup_stm32g431xx.o(RESET) refers to stm32g4xx_it.o(i.DebugMon_Handler) for DebugMon_Handler
    startup_stm32g431xx.o(RESET) refers to stm32g4xx_it.o(i.PendSV_Handler) for PendSV_Handler
    startup_stm32g431xx.o(RESET) refers to stm32g4xx_it.o(i.SysTick_Handler) for SysTick_Handler
    startup_stm32g431xx.o(RESET) refers to stm32g4xx_it.o(i.USART1_IRQHandler) for USART1_IRQHandler
    startup_stm32g431xx.o(.text) refers to system_stm32g4xx.o(i.SystemInit) for SystemInit
    startup_stm32g431xx.o(.text) refers to entry.o(.ARM.Collect$$$$00000000) for __main
    main.o(i.ADC_Proc) refers to stm32g4xx_hal_adc.o(i.HAL_ADC_Start) for HAL_ADC_Start
    main.o(i.ADC_Proc) refers to stm32g4xx_hal_adc.o(i.HAL_ADC_PollForConversion) for HAL_ADC_PollForConversion
    main.o(i.ADC_Proc) refers to stm32g4xx_hal_adc.o(i.HAL_ADC_GetValue) for HAL_ADC_GetValue
    main.o(i.ADC_Proc) refers to stm32g4xx_hal_adc.o(i.HAL_ADC_Stop) for HAL_ADC_Stop
    main.o(i.ADC_Proc) refers to adc.o(.bss) for hadc2
    main.o(i.ADC_Proc) refers to main.o(.data) for .data
    main.o(i.HAL_UART_RxCpltCallback) refers to stm32g4xx_hal_uart.o(i.HAL_UART_Receive_IT) for HAL_UART_Receive_IT
    main.o(i.HAL_UART_RxCpltCallback) refers to stm32g4xx_hal.o(.data) for uwTick
    main.o(i.HAL_UART_RxCpltCallback) refers to main.o(.data) for .data
    main.o(i.HAL_UART_RxCpltCallback) refers to main.o(.bss) for .bss
    main.o(i.HAL_UART_RxCpltCallback) refers to usart.o(.bss) for huart1
    main.o(i.Key_Proc) refers to main.o(i.Key_Read) for Key_Read
    main.o(i.Key_Proc) refers to lcd_hal.o(i.LCD_Clear) for LCD_Clear
    main.o(i.Key_Proc) refers to stm32g4xx_hal.o(.data) for uwTick
    main.o(i.Key_Proc) refers to main.o(.data) for .data
    main.o(i.Key_Read) refers to stm32g4xx_hal_gpio.o(i.HAL_GPIO_ReadPin) for HAL_GPIO_ReadPin
    main.o(i.Key_Read) refers to main.o(.data) for .data
    main.o(i.LCD_Proc) refers to lcd_hal.o(i.LCD_DisplayStringLine) for LCD_DisplayStringLine
    main.o(i.LCD_Proc) refers to printfa.o(i.__0sprintf) for __2sprintf
    main.o(i.LCD_Proc) refers to f2d.o(.text) for __aeabi_f2d
    main.o(i.LCD_Proc) refers to stm32g4xx_hal.o(.data) for uwTick
    main.o(i.LCD_Proc) refers to main.o(.data) for .data
    main.o(i.LCD_Proc) refers to main.o(.bss) for .bss
    main.o(i.LED_Disp) refers to stm32g4xx_hal_gpio.o(i.HAL_GPIO_WritePin) for HAL_GPIO_WritePin
    main.o(i.LED_Proc) refers to main.o(i.LED_Disp) for LED_Disp
    main.o(i.LED_Proc) refers to stm32g4xx_hal.o(.data) for uwTick
    main.o(i.LED_Proc) refers to main.o(.data) for .data
    main.o(i.RTC_Proc) refers to stm32g4xx_hal_rtc.o(i.HAL_RTC_GetTime) for HAL_RTC_GetTime
    main.o(i.RTC_Proc) refers to stm32g4xx_hal_rtc.o(i.HAL_RTC_GetDate) for HAL_RTC_GetDate
    main.o(i.RTC_Proc) refers to main.o(.bss) for .bss
    main.o(i.RTC_Proc) refers to rtc.o(.bss) for hrtc
    main.o(i.RTC_Proc) refers to main.o(.data) for .data
    main.o(i.RX_Proc) refers to printfa.o(i.__0printf) for __2printf
    main.o(i.RX_Proc) refers to memseta.o(.text) for __aeabi_memclr4
    main.o(i.RX_Proc) refers to i2c_hal.o(i.EEPROM_Write) for EEPROM_Write
    main.o(i.RX_Proc) refers to stm32g4xx_hal.o(.data) for uwTick
    main.o(i.RX_Proc) refers to main.o(.data) for .data
    main.o(i.RX_Proc) refers to main.o(.bss) for .bss
    main.o(i.SystemClock_Config) refers to memseta.o(.text) for __aeabi_memclr4
    main.o(i.SystemClock_Config) refers to stm32g4xx_hal_pwr_ex.o(i.HAL_PWREx_ControlVoltageScaling) for HAL_PWREx_ControlVoltageScaling
    main.o(i.SystemClock_Config) refers to stm32g4xx_hal_rcc.o(i.HAL_RCC_OscConfig) for HAL_RCC_OscConfig
    main.o(i.SystemClock_Config) refers to stm32g4xx_hal_rcc.o(i.HAL_RCC_ClockConfig) for HAL_RCC_ClockConfig
    main.o(i.SystemClock_Config) refers to stm32g4xx_hal_rcc_ex.o(i.HAL_RCCEx_PeriphCLKConfig) for HAL_RCCEx_PeriphCLKConfig
    main.o(i.TX_Proc) refers to f2d.o(.text) for __aeabi_f2d
    main.o(i.TX_Proc) refers to printfa.o(i.__0printf) for __2printf
[...]
    ../Drivers/STM32G4xx_HAL_Driver/Src/stm32g4xx_hal_flash_ex.c 0x00000000   Number         0  stm32g4xx_hal_flash_ex.o ABSOLUTE
    ../Drivers/STM32G4xx_HAL_Driver/Src/stm32g4xx_hal_flash_ramfunc.c 0x00000000   Number         0  stm32g4xx_hal_flash_ramfunc.o ABSOLUTE
    ../Drivers/STM32G4xx_HAL_Driver/Src/stm32g4xx_hal_gpio.c 0x00000000   Number         0  stm32g4xx_hal_gpio.o ABSOLUTE
    ../Drivers/STM32G4xx_HAL_Driver/Src/stm32g4xx_hal_pwr.c 0x00000000   Number         0  stm32g4xx_hal_pwr.o ABSOLUTE
    ../Drivers/STM32G4xx_HAL_Driver/Src/stm32g4xx_hal_pwr_ex.c 0x00000000   Number         0  stm32g4xx_hal_pwr_ex.o ABSOLUTE
    ../Drivers/STM32G4xx_HAL_Driver/Src/stm32g4xx_hal_rcc.c 0x00000000   Number         0  stm32g4xx_hal_rcc.o ABSOLUTE
    ../Drivers/STM32G4xx_HAL_Driver/Src/stm32g4xx_hal_rcc_ex.c 0x00000000   Number         0  stm32g4xx_hal_rcc_ex.o ABSOLUTE
    ../Drivers/STM32G4xx_HAL_Driver/Src/stm32g4xx_hal_rtc.c 0x00000000   Number         0  stm32g4xx_hal_rtc.o ABSOLUTE
    ../Drivers/STM32G4xx_HAL_Driver/Src/stm32g4xx_hal_rtc_ex.c 0x00000000   Number         0  stm32g4xx_hal_rtc_ex.o ABSOLUTE
    ../Drivers/STM32G4xx_HAL_Driver/Src/stm32g4xx_hal_tim.c 0x00000000   Number         0  stm32g4xx_hal_tim.o ABSOLUTE
    ../Drivers/STM32G4xx_HAL_Driver/Src/stm32g4xx_hal_tim_ex.c 0x00000000   Number         0  stm32g4xx_hal_tim_ex.o ABSOLUTE
    ../Drivers/STM32G4xx_HAL_Driver/Src/stm32g4xx_hal_uart.c 0x00000000   Number         0  stm32g4xx_hal_uart.o ABSOLUTE
    ../Drivers/STM32G4xx_HAL_Driver/Src/stm32g4xx_hal_uart_ex.c 0x00000000   Number         0  stm32g4xx_hal_uart_ex.o ABSOLUTE
    ../Drivers/STM32G4xx_HAL_Driver/Src/stm32g4xx_ll_adc.c 0x00000000   Number         0  stm32g4xx_ll_adc.o ABSOLUTE
    ../Drivers/STM32G4xx_HAL_Driver/Src/stm32g4xx_ll_pwr.c 0x00000000   Number         0  stm32g4xx_ll_pwr.o ABSOLUTE
    ../Src/adc.c                             0x00000000   Number         0  adc.o ABSOLUTE
    ../Src/gpio.c                            0x00000000   Number         0  gpio.o ABSOLUTE
    ../Src/main.c                            0x00000000   Number         0  main.o ABSOLUTE
    ../Src/rtc.c                             0x00000000   Number         0  rtc.o ABSOLUTE
    ../Src/stm32g4xx_hal_msp.c               0x00000000   Number         0  stm32g4xx_hal_msp.o ABSOLUTE
    ../Src/stm32g4xx_it.c                    0x00000000   Number         0  stm32g4xx_it.o ABSOLUTE
    ../Src/system_stm32g4xx.c                0x00000000   Number         0  system_stm32g4xx.o ABSOLUTE
    ../Src/usart.c                           0x00000000   Number         0  usart.o ABSOLUTE
    ../clib/microlib/division.c              0x00000000   Number         0  uldiv.o ABSOLUTE
    ../clib/microlib/division.c              0x00000000   Number         0  uidiv.o ABSOLUTE
    ../clib/microlib/init/entry.s            0x00000000   Number         0  entry8b.o ABSOLUTE
    ../clib/microlib/init/entry.s            0x00000000   Number         0  entry9b.o ABSOLUTE
    ../clib/microlib/init/entry.s            0x00000000   Number         0  entry10b.o ABSOLUTE
    ../clib/microlib/init/entry.s            0x00000000   Number         0  entry11a.o ABSOLUTE
    ../clib/microlib/init/entry.s            0x00000000   Number         0  entry11b.o ABSOLUTE
    ../clib/microlib/init/entry.s            0x00000000   Number         0  entry12a.o ABSOLUTE
    ../clib/microlib/init/entry.s            0x00000000   Number         0  entry12b.o ABSOLUTE
    ../clib/microlib/init/entry.s            0x00000000   Number         0  entry10a.o ABSOLUTE
    ../clib/microlib/init/entry.s            0x00000000   Number         0  entry9a.o ABSOLUTE
    ../clib/microlib/init/entry.s            0x00000000   Number         0  entry2.o ABSOLUTE
    ../clib/microlib/init/entry.s            0x00000000   Number         0  entry5.o ABSOLUTE
    ../clib/microlib/init/entry.s            0x00000000   Number         0  entry8a.o ABSOLUTE
    ../clib/microlib/init/entry.s            0x00000000   Number         0  entry7a.o ABSOLUTE
    ../clib/microlib/init/entry.s            0x00000000   Number         0  entry7b.o ABSOLUTE
    ../clib/microlib/init/entry.s            0x00000000   Number         0  entry.o ABSOLUTE
    ../clib/microlib/longlong.c              0x00000000   Number         0  llshl.o ABSOLUTE
    ../clib/microlib/longlong.c              0x00000000   Number         0  llushr.o ABSOLUTE
    ../clib/microlib/longlong.c              0x00000000   Number         0  llsshr.o ABSOLUTE
    ../clib/microlib/printf/printf.c         0x00000000   Number         0  printf0.o ABSOLUTE
    ../clib/microlib/printf/printf.c         0x00000000   Number         0  printfb.o ABSOLUTE
    ../clib/microlib/printf/printf.c         0x00000000   Number         0  printf6.o ABSOLUTE
    ../clib/microlib/printf/printf.c         0x00000000   Number         0  printf2.o ABSOLUTE
    ../clib/microlib/printf/printf.c         0x00000000   Number         0  printfa.o ABSOLUTE
    ../clib/microlib/printf/printf.c         0x00000000   Number         0  printf8.o ABSOLUTE
    ../clib/microlib/printf/printf.c         0x00000000   Number         0  printf7.o ABSOLUTE
    ../clib/microlib/printf/printf.c         0x00000000   Number         0  printf5.o ABSOLUTE
    ../clib/microlib/printf/printf.c         0x00000000   Number         0  printf4.o ABSOLUTE
    ../clib/microlib/printf/printf.c         0x00000000   Number         0  printf3.o ABSOLUTE
    ../clib/microlib/printf/printf.c         0x00000000   Number         0  printf1.o ABSOLUTE
    ../clib/microlib/printf/stubs.s          0x00000000   Number         0  stubs.o ABSOLUTE
    ../clib/microlib/string/memset.c         0x00000000   Number         0  memseta.o ABSOLUTE
    ../clib/microlib/stubs.s                 0x00000000   Number         0  iusefp.o ABSOLUTE
    ../fplib/microlib/f2d.c                  0x00000000   Number         0  f2d.o ABSOLUTE
    ../fplib/microlib/fpadd.c                0x00000000   Number         0  dadd.o ABSOLUTE
    ../fplib/microlib/fpdiv.c                0x00000000   Number         0  ddiv.o ABSOLUTE
    ../fplib/microlib/fpepilogue.c           0x00000000   Number         0  depilogue.o ABSOLUTE
    ../fplib/microlib/fpfix.c                0x00000000   Number         0  dfixul.o ABSOLUTE
    ../fplib/microlib/fpmul.c                0x00000000   Number         0  dmul.o ABSOLUTE
    ..\Drivers\STM32G4xx_HAL_Driver\Src\stm32g4xx_hal.c 0x00000000   Number         0  stm32g4xx_hal.o ABSOLUTE
    ..\Drivers\STM32G4xx_HAL_Driver\Src\stm32g4xx_hal_adc.c 0x00000000   Number         0  stm32g4xx_hal_adc.o ABSOLUTE
    ..\Drivers\STM32G4xx_HAL_Driver\Src\stm32g4xx_hal_adc_ex.c 0x00000000   Number         0  stm32g4xx_hal_adc_ex.o ABSOLUTE
    ..\Drivers\STM32G4xx_HAL_Driver\Src\stm32g4xx_hal_cortex.c 0x00000000   Number         0  stm32g4xx_hal_cortex.o ABSOLUTE
    ..\Drivers\STM32G4xx_HAL_Driver\Src\stm32g4xx_hal_dma.c 0x00000000   Number         0  stm32g4xx_hal_dma.o ABSOLUTE
    ..\Drivers\STM32G4xx_HAL_Driver\Src\stm32g4xx_hal_dma_ex.c 0x00000000   Number         0  stm32g4xx_hal_dma_ex.o ABSOLUTE
    ..\Drivers\STM32G4xx_HAL_Driver\Src\stm32g4xx_hal_exti.c 0x00000000   Number         0  stm32g4xx_hal_exti.o ABSOLUTE
    ..\Drivers\STM32G4xx_HAL_Driver\Src\stm32g4xx_hal_flash.c 0x00000000   Number         0  stm32g4xx_hal_flash.o ABSOLUTE
    ..\Drivers\STM32G4xx_HAL_Driver\Src\stm32g4xx_hal_flash_ex.c 0x00000000   Number         0  stm32g4xx_hal_flash_ex.o ABSOLUTE
    ..\Drivers\STM32G4xx_HAL_Driver\Src\stm32g4xx_hal_flash_ramfunc.c 0x00000000   Number         0  stm32g4xx_hal_flash_ramfunc.o ABSOLUTE
    ..\Drivers\STM32G4xx_HAL_Driver\Src\stm32g4xx_hal_gpio.c 0x00000000   Number         0  stm32g4xx_hal_gpio.o ABSOLUTE
    ..\Drivers\STM32G4xx_HAL_Driver\Src\stm32g4xx_hal_pwr.c 0x00000000   Number         0  stm32g4xx_hal_pwr.o ABSOLUTE
    ..\Drivers\STM32G4xx_HAL_Driver\Src\stm32g4xx_hal_pwr_ex.c 0x00000000   Number         0  stm32g4xx_hal_pwr_ex.o ABSOLUTE
    ..\Drivers\STM32G4xx_HAL_Driver\Src\stm32g4xx_hal_rcc.c 0x00000000   Number         0  stm32g4xx_hal_rcc.o ABSOLUTE
    ..\Drivers\STM32G4xx_HAL_Driver\Src\stm32g4xx_hal_rcc_ex.c 0x00000000   Number         0  stm32g4xx_hal_rcc_ex.o ABSOLUTE
    ..\Drivers\STM32G4xx_HAL_Driver\Src\stm32g4xx_hal_rtc.c 0x00000000   Number         0  stm32g4xx_hal_rtc.o ABSOLUTE
    ..\Drivers\STM32G4xx_HAL_Driver\Src\stm32g4xx_hal_rtc_ex.c 0x00000000   Number         0  stm32g4xx_hal_rtc_ex.o ABSOLUTE
    ..\Drivers\STM32G4xx_HAL_Driver\Src\stm32g4xx_hal_tim.c 0x00000000   Number         0  stm32g4xx_hal_tim.o ABSOLUTE
    ..\Drivers\STM32G4xx_HAL_Driver\Src\stm32g4xx_hal_tim_ex.c 0x00000000   Number         0  stm32g4xx_hal_tim_ex.o ABSOLUTE
    ..\Drivers\STM32G4xx_HAL_Driver\Src\stm32g4xx_hal_uart.c 0x00000000   Number         0  stm32g4xx_hal_uart.o ABSOLUTE
    ..\Drivers\STM32G4xx_HAL_Driver\Src\stm32g4xx_hal_uart_ex.c 0x00000000   Number         0  stm32g4xx_hal_uart_ex.o ABSOLUTE
    ..\Src\adc.c                             0x00000000   Number         0  adc.o ABSOLUTE
    ..\Src\gpio.c                            0x00000000   Number         0  gpio.o ABSOLUTE
    ..\Src\i2c_hal.c                         0x00000000   Number         0  i2c_hal.o ABSOLUTE
    ..\Src\lcd_hal.c                         0x00000000   Number         0  lcd_hal.o ABSOLUTE
    ..\Src\main.c                            0x00000000   Number         0  main.o ABSOLUTE
    ..\Src\rtc.c                             0x00000000   Number         0  rtc.o ABSOLUTE
    ..\Src\stm32g4xx_hal_msp.c               0x00000000   Number         0  stm32g4xx_hal_msp.o ABSOLUTE
    ..\Src\stm32g4xx_it.c                    0x00000000   Number         0  stm32g4xx_it.o ABSOLUTE
    ..\Src\system_stm32g4xx.c                0x00000000   Number         0  system_stm32g4xx.o ABSOLUTE
    ..\Src\usart.c                           0x00000000   Number         0  usart.o ABSOLUTE
    ..\\Src\\i2c_hal.c                       0x00000000   Number         0  i2c_hal.o ABSOLUTE
    ..\\Src\\lcd_hal.c                       0x00000000   Number         0  lcd_hal.o ABSOLUTE
    cdrcmple.s                               0x00000000   Number         0  cdrcmple.o ABSOLUTE
    dc.s                                     0x00000000   Number         0  dc.o ABSOLUTE
    handlers.s                               0x00000000   Number         0  handlers.o ABSOLUTE
    init.s                                   0x00000000   Number         0  init.o ABSOLUTE
    startup_stm32g431xx.s                    0x00000000   Number         0  startup_stm32g431xx.o ABSOLUTE
    RESET                                    0x08000000   Section      472  startup_stm32g431xx.o(RESET)
    .ARM.Collect$$$$00000000                 0x080001d8   Section        0  entry.o(.ARM.Collect$$$$00000000)
    .ARM.Collect$$$$00000001                 0x080001d8   Section        4  entry2.o(.ARM.Collect$$$$00000001)
    .ARM.Collect$$$$00000004                 0x080001dc   Section        4  entry5.o(.ARM.Collect$$$$00000004)
    .ARM.Collect$$$$00000008                 0x080001e0   Section        0  entry7b.o(.ARM.Collect$$$$00000008)
    .ARM.Collect$$$$0000000A                 0x080001e0   Section        0  entry8b.o(.ARM.Collect$$$$0000000A)
    .ARM.Collect$$$$0000000B                 0x080001e0   Section        8  entry9a.o(.ARM.Collect$$$$0000000B)
    .ARM.Collect$$$$0000000E                 0x080001e8   Section        4  entry12b.o(.ARM.Collect$$$$0000000E)
    .ARM.Collect$$$$0000000F                 0x080001ec   Section        0  entry10a.o(.ARM.Collect$$$$0000000F)
    .ARM.Collect$$$$00000011                 0x080001ec   Section        0  entry11a.o(.ARM.Collect$$$$00000011)
    .ARM.Collect$$$$00002712                 0x080001ec   Section        4  entry2.o(.ARM.Collect$$$$00002712)
    __lit__00000000                          0x080001ec   Data           4  entry2.o(.ARM.Collect$$$$00002712)
    .text                                    0x080001f0   Section       36  startup_stm32g431xx.o(.text)
    $v0                                      0x080001f0   Number         0  startup_stm32g431xx.o(.text)
    .text                                    0x08000214   Section        0  uldiv.o(.text)
    .text                                    0x08000276   Section        0  memseta.o(.text)
    .text                                    0x0800029a   Section        0  f2d.o(.text)
    .text                                    0x080002c0   Section        0  uidiv.o(.text)
    .text                                    0x080002ec   Section        0  llshl.o(.text)
    .text                                    0x0800030a   Section        0  llushr.o(.text)
    .text                                    0x0800032a   Section        0  dadd.o(.text)
    .text                                    0x0800032a   Section        0  iusefp.o(.text)
    .text                                    0x08000478   Section        0  dmul.o(.text)
    .text                                    0x0800055c   Section        0  ddiv.o(.text)
    .text                                    0x0800063a   Section        0  dfixul.o(.text)
    .text                                    0x0800066c   Section       48  cdrcmple.o(.text)
    .text                                    0x0800069c   Section       36  init.o(.text)
    .text                                    0x080006c0   Section        0  llsshr.o(.text)
    .text                                    0x080006e4   Section        0  depilogue.o(.text)
    i.ADC_ConversionStop                     0x080007a0   Section        0  stm32g4xx_hal_adc.o(i.ADC_ConversionStop)
    i.ADC_Disable                            0x0800087c   Section        0  stm32g4xx_hal_adc.o(i.ADC_Disable)
    i.ADC_Enable                             0x080008e4   Section        0  stm32g4xx_hal_adc.o(i.ADC_Enable)
    i.ADC_Proc                               0x0800094c   Section        0  main.o(i.ADC_Proc)
    i.BusFault_Handler                       0x0800099c   Section        0  stm32g4xx_it.o(i.BusFault_Handler)
    i.DebugMon_Handler                       0x0800099e   Section        0  stm32g4xx_it.o(i.DebugMon_Handler)
    i.Delay_LCD                              0x080009a0   Section        0  lcd_hal.o(i.Delay_LCD)
    i.EEPROM_Read                            0x080009bc   Section        0  i2c_hal.o(i.EEPROM_Read)
    i.EEPROM_Write                           0x080009f8   Section        0  i2c_hal.o(i.EEPROM_Write)
    i.Error_Handler                          0x08000a2e   Section        0  main.o(i.Error_Handler)
    i.HAL_ADC_ConfigChannel                  0x08000a30   Section        0  stm32g4xx_hal_adc.o(i.HAL_ADC_ConfigChannel)
    i.HAL_ADC_GetValue                       0x08000e50   Section        0  stm32g4xx_hal_adc.o(i.HAL_ADC_GetValue)
    i.HAL_ADC_Init                           0x08000e58   Section        0  stm32g4xx_hal_adc.o(i.HAL_ADC_Init)
    i.HAL_ADC_MspInit                        0x08001050   Section        0  adc.o(i.HAL_ADC_MspInit)
    i.HAL_ADC_PollForConversion              0x080010b0   Section        0  stm32g4xx_hal_adc.o(i.HAL_ADC_PollForConversion)
    i.HAL_ADC_Start                          0x080011a4   Section        0  stm32g4xx_hal_adc.o(i.HAL_ADC_Start)
    i.HAL_ADC_Stop                           0x08001298   Section        0  stm32g4xx_hal_adc.o(i.HAL_ADC_Stop)
    i.HAL_DMA_Abort_IT                       0x080012d6   Section        0  stm32g4xx_hal_dma.o(i.HAL_DMA_Abort_IT)
    i.HAL_Delay                              0x08001350   Section        0  stm32g4xx_hal.o(i.HAL_Delay)
    i.HAL_GPIO_Init                          0x08001374   Section        0  stm32g4xx_hal_gpio.o(i.HAL_GPIO_Init)
    i.HAL_GPIO_ReadPin                       0x0800153c   Section        0  stm32g4xx_hal_gpio.o(i.HAL_GPIO_ReadPin)
    i.HAL_GPIO_WritePin                      0x08001546   Section        0  stm32g4xx_hal_gpio.o(i.HAL_GPIO_WritePin)
    i.HAL_GetTick                            0x08001550   Section        0  stm32g4xx_hal.o(i.HAL_GetTick)
    i.HAL_IncTick                            0x0800155c   Section        0  stm32g4xx_hal.o(i.HAL_IncTick)
    i.HAL_Init                               0x0800156c   Section        0  stm32g4xx_hal.o(i.HAL_Init)
    i.HAL_InitTick                           0x0800158c   Section        0  stm32g4xx_hal.o(i.HAL_InitTick)
    i.HAL_MspInit                            0x080015d0   Section        0  stm32g4xx_hal_msp.o(i.HAL_MspInit)
    i.HAL_NVIC_EnableIRQ                     0x08001608   Section        0  stm32g4xx_hal_cortex.o(i.HAL_NVIC_EnableIRQ)
    i.HAL_NVIC_SetPriority                   0x08001624   Section        0  stm32g4xx_hal_cortex.o(i.HAL_NVIC_SetPriority)
    i.HAL_NVIC_SetPriorityGrouping           0x08001664   Section        0  stm32g4xx_hal_cortex.o(i.HAL_NVIC_SetPriorityGrouping)
    i.HAL_PWREx_ControlVoltageScaling        0x08001688   Section        0  stm32g4xx_hal_pwr_ex.o(i.HAL_PWREx_ControlVoltageScaling)
    i.HAL_RCCEx_PeriphCLKConfig              0x08001744   Section        0  stm32g4xx_hal_rcc_ex.o(i.HAL_RCCEx_PeriphCLKConfig)
    i.HAL_RCC_ClockConfig                    0x080019cc   Section        0  stm32g4xx_hal_rcc.o(i.HAL_RCC_ClockConfig)
    i.HAL_RCC_GetPCLK1Freq                   0x08001ba8   Section        0  stm32g4xx_hal_rcc.o(i.HAL_RCC_GetPCLK1Freq)
    i.HAL_RCC_GetPCLK2Freq                   0x08001bcc   Section        0  stm32g4xx_hal_rcc.o(i.HAL_RCC_GetPCLK2Freq)
    i.HAL_RCC_GetSysClockFreq                0x08001bf0   Section        0  stm32g4xx_hal_rcc.o(i.HAL_RCC_GetSysClockFreq)
    i.HAL_RCC_OscConfig                      0x08001c60   Section        0  stm32g4xx_hal_rcc.o(i.HAL_RCC_OscConfig)
    i.HAL_RTC_GetDate                        0x0800206c   Section        0  stm32g4xx_hal_rtc.o(i.HAL_RTC_GetDate)
    i.HAL_RTC_GetTime                        0x080020b4   Section        0  stm32g4xx_hal_rtc.o(i.HAL_RTC_GetTime)
    i.HAL_RTC_Init                           0x08002110   Section        0  stm32g4xx_hal_rtc.o(i.HAL_RTC_Init)
    i.HAL_RTC_MspInit                        0x080021a4   Section        0  rtc.o(i.HAL_RTC_MspInit)
    i.HAL_RTC_SetDate                        0x080021c4   Section        0  stm32g4xx_hal_rtc.o(i.HAL_RTC_SetDate)
    i.HAL_RTC_SetTime                        0x0800226c   Section        0  stm32g4xx_hal_rtc.o(i.HAL_RTC_SetTime)
    i.HAL_RTC_WaitForSynchro                 0x0800233c   Section        0  stm32g4xx_hal_rtc.o(i.HAL_RTC_WaitForSynchro)
    i.HAL_SYSTICK_Config                     0x08002370   Section        0  stm32g4xx_hal_cortex.o(i.HAL_SYSTICK_Config)
    i.HAL_UARTEx_DisableFifoMode             0x08002398   Section        0  stm32g4xx_hal_uart_ex.o(i.HAL_UARTEx_DisableFifoMode)
    i.HAL_UARTEx_RxFifoFullCallback          0x080023d6   Section        0  stm32g4xx_hal_uart_ex.o(i.HAL_UARTEx_RxFifoFullCallback)
    i.HAL_UARTEx_SetRxFifoThreshold          0x080023d8   Section        0  stm32g4xx_hal_uart_ex.o(i.HAL_UARTEx_SetRxFifoThreshold)
    i.HAL_UARTEx_SetTxFifoThreshold          0x08002424   Section        0  stm32g4xx_hal_uart_ex.o(i.HAL_UARTEx_SetTxFifoThreshold)
    i.HAL_UARTEx_TxFifoEmptyCallback         0x08002470   Section        0  stm32g4xx_hal_uart_ex.o(i.HAL_UARTEx_TxFifoEmptyCallback)
    i.HAL_UARTEx_WakeupCallback              0x08002472   Section        0  stm32g4xx_hal_uart_ex.o(i.HAL_UARTEx_WakeupCallback)
    i.HAL_UART_ErrorCallback                 0x08002474   Section        0  stm32g4xx_hal_uart.o(i.HAL_UART_ErrorCallback)
    i.HAL_UART_IRQHandler                    0x08002478   Section        0  stm32g4xx_hal_uart.o(i.HAL_UART_IRQHandler)
    i.HAL_UART_Init                          0x08002614   Section        0  stm32g4xx_hal_uart.o(i.HAL_UART_Init)
    i.HAL_UART_MspInit                       0x08002680   Section        0  usart.o(i.HAL_UART_MspInit)
    i.HAL_UART_Receive_IT                    0x080026f4   Section        0  stm32g4xx_hal_uart.o(i.HAL_UART_Receive_IT)
    i.HAL_UART_RxCpltCallback                0x080027f0   Section        0  main.o(i.HAL_UART_RxCpltCallback)
    i.HAL_UART_Transmit                      0x08002824   Section        0  stm32g4xx_hal_uart.o(i.HAL_UART_Transmit)
    i.HAL_UART_TxCpltCallback                0x080028e0   Section        0  stm32g4xx_hal_uart.o(i.HAL_UART_TxCpltCallback)
    i.HardFault_Handler                      0x080028e2   Section        0  stm32g4xx_it.o(i.HardFault_Handler)
    i.I2CInit                                0x080028e4   Section        0  i2c_hal.o(i.I2CInit)
    i.I2CReceiveByte                         0x08002910   Section        0  i2c_hal.o(i.I2CReceiveByte)
    i.I2CSendByte                            0x0800295e   Section        0  i2c_hal.o(i.I2CSendByte)
    i.I2CSendNotAck                          0x080029ac   Section        0  i2c_hal.o(i.I2CSendNotAck)
    i.I2CStart                               0x080029dc   Section        0  i2c_hal.o(i.I2CStart)
    i.I2CStop                                0x08002a12   Section        0  i2c_hal.o(i.I2CStop)
    i.I2CWaitAck                             0x08002a48   Section        0  i2c_hal.o(i.I2CWaitAck)
    i.Key_Proc                               0x08002a98   Section        0  main.o(i.Key_Proc)
    i.Key_Read                               0x08002b34   Section        0  main.o(i.Key_Read)
    i.LCD_BusIn                              0x08002b84   Section        0  lcd_hal.o(i.LCD_BusIn)
    i.LCD_BusOut                             0x08002bb0   Section        0  lcd_hal.o(i.LCD_BusOut)
    i.LCD_Clear                              0x08002be0   Section        0  lcd_hal.o(i.LCD_Clear)
    i.LCD_CtrlLinesConfig                    0x08002c04   Section        0  lcd_hal.o(i.LCD_CtrlLinesConfig)
    i.LCD_DisplayChar                        0x08002c94   Section        0  lcd_hal.o(i.LCD_DisplayChar)
    i.LCD_DisplayStringLine                  0x08002cac   Section        0  lcd_hal.o(i.LCD_DisplayStringLine)
    i.LCD_DrawChar                           0x08002cd8   Section        0  lcd_hal.o(i.LCD_DrawChar)
    i.LCD_Init                               0x08002d30   Section        0  lcd_hal.o(i.LCD_Init)
    i.LCD_Proc                               0x08002d64   Section        0  main.o(i.LCD_Proc)
    i.LCD_ReadReg                            0x08002f9c   Section        0  lcd_hal.o(i.LCD_ReadReg)
    i.LCD_SetBackColor                       0x0800301c   Section        0  lcd_hal.o(i.LCD_SetBackColor)
    i.LCD_SetCursor                          0x0800302c   Section        0  lcd_hal.o(i.LCD_SetCursor)
    i.LCD_SetTextColor                       0x08003044   Section        0  lcd_hal.o(i.LCD_SetTextColor)
    i.LCD_WriteRAM                           0x08003054   Section        0  lcd_hal.o(i.LCD_WriteRAM)
    i.LCD_WriteRAM_Prepare                   0x080030ac   Section        0  lcd_hal.o(i.LCD_WriteRAM_Prepare)
    i.LCD_WriteReg                           0x08003108   Section        0  lcd_hal.o(i.LCD_WriteReg)
    i.LED_Disp                               0x08003174   Section        0  main.o(i.LED_Disp)
    i.LED_Proc                               0x080031b4   Section        0  main.o(i.LED_Proc)
    i.LL_ADC_GetOffsetChannel                0x08003204   Section        0  stm32g4xx_hal_adc.o(i.LL_ADC_GetOffsetChannel)
    LL_ADC_GetOffsetChannel                  0x08003205   Thumb Code    12  stm32g4xx_hal_adc.o(i.LL_ADC_GetOffsetChannel)
    i.LL_ADC_INJ_IsConversionOngoing         0x08003210   Section        0  stm32g4xx_hal_adc.o(i.LL_ADC_INJ_IsConversionOngoing)
    LL_ADC_INJ_IsConversionOngoing           0x08003211   Thumb Code     8  stm32g4xx_hal_adc.o(i.LL_ADC_INJ_IsConversionOngoing)
    i.LL_ADC_REG_IsConversionOngoing         0x08003218   Section        0  stm32g4xx_hal_adc.o(i.LL_ADC_REG_IsConversionOngoing)
    LL_ADC_REG_IsConversionOngoing           0x08003219   Thumb Code     8  stm32g4xx_hal_adc.o(i.LL_ADC_REG_IsConversionOngoing)
    i.LL_ADC_REG_IsTriggerSourceSWStart      0x08003220   Section        0  stm32g4xx_hal_adc.o(i.LL_ADC_REG_IsTriggerSourceSWStart)
    LL_ADC_REG_IsTriggerSourceSWStart        0x08003221   Thumb Code    16  stm32g4xx_hal_adc.o(i.LL_ADC_REG_IsTriggerSourceSWStart)
    i.LL_ADC_SetChannelSamplingTime          0x08003230   Section        0  stm32g4xx_hal_adc.o(i.LL_ADC_SetChannelSamplingTime)
    LL_ADC_SetChannelSamplingTime            0x08003231   Thumb Code    30  stm32g4xx_hal_adc.o(i.LL_ADC_SetChannelSamplingTime)
    i.LL_ADC_SetOffsetState                  0x0800324e   Section        0  stm32g4xx_hal_adc.o(i.LL_ADC_SetOffsetState)
    LL_ADC_SetOffsetState                    0x0800324f   Thumb Code    16  stm32g4xx_hal_adc.o(i.LL_ADC_SetOffsetState)
    i.MX_ADC2_Init                           0x08003260   Section        0  adc.o(i.MX_ADC2_Init)
    i.MX_GPIO_Init                           0x080032dc   Section        0  gpio.o(i.MX_GPIO_Init)
    i.MX_RTC_Init                            0x080033d4   Section        0  rtc.o(i.MX_RTC_Init)
    i.MX_USART1_UART_Init                    0x08003460   Section        0  usart.o(i.MX_USART1_UART_Init)
    i.MemManage_Handler                      0x080034c8   Section        0  stm32g4xx_it.o(i.MemManage_Handler)
    i.NMI_Handler                            0x080034ca   Section        0  stm32g4xx_it.o(i.NMI_Handler)
    i.PendSV_Handler                         0x080034cc   Section        0  stm32g4xx_it.o(i.PendSV_Handler)
    i.REG_8230_Init                          0x080034ce   Section        0  lcd_hal.o(i.REG_8230_Init)
    i.REG_932X_Init                          0x080035e0   Section        0  lcd_hal.o(i.REG_932X_Init)
    i.RTC_Bcd2ToByte                         0x080037e2   Section        0  stm32g4xx_hal_rtc.o(i.RTC_Bcd2ToByte)
    i.RTC_ByteToBcd2                         0x080037f4   Section        0  stm32g4xx_hal_rtc.o(i.RTC_ByteToBcd2)
    i.RTC_EnterInitMode                      0x0800380c   Section        0  stm32g4xx_hal_rtc.o(i.RTC_EnterInitMode)
    i.RTC_ExitInitMode                       0x08003858   Section        0  stm32g4xx_hal_rtc.o(i.RTC_ExitInitMode)
    i.RTC_Proc                               0x080038b0   Section        0  main.o(i.RTC_Proc)
    i.RX_Proc                                0x080038d8   Section        0  main.o(i.RX_Proc)
    i.SCL_Output                             0x080039a0   Section        0  i2c_hal.o(i.SCL_Output)
    i.SDA_Input                              0x080039b8   Section        0  i2c_hal.o(i.SDA_Input)
    i.SDA_Input_Mode                         0x080039d0   Section        0  i2c_hal.o(i.SDA_Input_Mode)
    i.SDA_Output                             0x080039fc   Section        0  i2c_hal.o(i.SDA_Output)
    i.SDA_Output_Mode                        0x08003a14   Section        0  i2c_hal.o(i.SDA_Output_Mode)
    i.SVC_Handler                            0x08003a40   Section        0  stm32g4xx_it.o(i.SVC_Handler)
    i.SysTick_Handler                        0x08003a42   Section        0  stm32g4xx_it.o(i.SysTick_Handler)
    i.SystemClock_Config                     0x08003a48   Section        0  main.o(i.SystemClock_Config)
    i.SystemInit                             0x08003ac4   Section        0  system_stm32g4xx.o(i.SystemInit)
    i.TX_Proc                                0x08003ae0   Section        0  main.o(i.TX_Proc)
    i.UARTEx_SetNbDataToProcess              0x08003b74   Section        0  stm32g4xx_hal_uart_ex.o(i.UARTEx_SetNbDataToProcess)
    UARTEx_SetNbDataToProcess                0x08003b75   Thumb Code    82  stm32g4xx_hal_uart_ex.o(i.UARTEx_SetNbDataToProcess)
    i.UART_AdvFeatureConfig                  0x08003bd8   Section        0  stm32g4xx_hal_uart.o(i.UART_AdvFeatureConfig)
    i.UART_CheckIdleState                    0x08003ca0   Section        0  stm32g4xx_hal_uart.o(i.UART_CheckIdleState)
    i.UART_DMAAbortOnError                   0x08003cfe   Section        0  stm32g4xx_hal_uart.o(i.UART_DMAAbortOnError)
    UART_DMAAbortOnError                     0x08003cff   Thumb Code    20  stm32g4xx_hal_uart.o(i.UART_DMAAbortOnError)
    i.UART_EndRxTransfer                     0x08003d14   Section        0  stm32g4xx_hal_uart.o(i.UART_EndRxTransfer)
    UART_EndRxTransfer                       0x08003d15   Thumb Code    32  stm32g4xx_hal_uart.o(i.UART_EndRxTransfer)
    i.UART_RxISR_16BIT                       0x08003d38   Section        0  stm32g4xx_hal_uart.o(i.UART_RxISR_16BIT)
    UART_RxISR_16BIT                         0x08003d39   Thumb Code    94  stm32g4xx_hal_uart.o(i.UART_RxISR_16BIT)
    i.UART_RxISR_16BIT_FIFOEN                0x08003d98   Section        0  stm32g4xx_hal_uart.o(i.UART_RxISR_16BIT_FIFOEN)
    UART_RxISR_16BIT_FIFOEN                  0x08003d99   Thumb Code   152  stm32g4xx_hal_uart.o(i.UART_RxISR_16BIT_FIFOEN)
    i.UART_RxISR_8BIT                        0x08003e38   Section        0  stm32g4xx_hal_uart.o(i.UART_RxISR_8BIT)
    UART_RxISR_8BIT                          0x08003e39   Thumb Code    94  stm32g4xx_hal_uart.o(i.UART_RxISR_8BIT)
    i.UART_RxISR_8BIT_FIFOEN                 0x08003e98   Section        0  stm32g4xx_hal_uart.o(i.UART_RxISR_8BIT_FIFOEN)
    UART_RxISR_8BIT_FIFOEN                   0x08003e99   Thumb Code   152  stm32g4xx_hal_uart.o(i.UART_RxISR_8BIT_FIFOEN)
    i.UART_SetConfig                         0x08003f38   Section        0  stm32g4xx_hal_uart.o(i.UART_SetConfig)
    i.UART_WaitOnFlagUntilTimeout            0x080046de   Section        0  stm32g4xx_hal_uart.o(i.UART_WaitOnFlagUntilTimeout)
    i.USART1_IRQHandler                      0x08004744   Section        0  stm32g4xx_it.o(i.USART1_IRQHandler)
    i.UsageFault_Handler                     0x08004750   Section        0  stm32g4xx_it.o(i.UsageFault_Handler)
    i.__0printf                              0x08004754   Section        0  printfa.o(i.__0printf)
    i.__0sprintf                             0x08004774   Section        0  printfa.o(i.__0sprintf)
    i.__NVIC_SetPriority                     0x0800479c   Section        0  stm32g4xx_hal_cortex.o(i.__NVIC_SetPriority)
    __NVIC_SetPriority                       0x0800479d   Thumb Code    32  stm32g4xx_hal_cortex.o(i.__NVIC_SetPriority)
    i.__scatterload_copy                     0x080047bc   Section       14  handlers.o(i.__scatterload_copy)
    i.__scatterload_null                     0x080047ca   Section        2  handlers.o(i.__scatterload_null)
    i.__scatterload_zeroinit                 0x080047cc   Section       14  handlers.o(i.__scatterload_zeroinit)
    i._fp_digits                             0x080047dc   Section        0  printfa.o(i._fp_digits)
    _fp_digits                               0x080047dd   Thumb Code   366  printfa.o(i._fp_digits)
    i._printf_core                           0x08004960   Section        0  printfa.o(i._printf_core)
    _printf_core                             0x08004961   Thumb Code  1704  printfa.o(i._printf_core)
    i._printf_post_padding                   0x08005014   Section        0  printfa.o(i._printf_post_padding)
    _printf_post_padding                     0x08005015   Thumb Code    36  printfa.o(i._printf_post_padding)
    i._printf_pre_padding                    0x08005038   Section        0  printfa.o(i._printf_pre_padding)
    _printf_pre_padding                      0x08005039   Thumb Code    46  printfa.o(i._printf_pre_padding)
    i._sputc                                 0x08005066   Section        0  printfa.o(i._sputc)
    _sputc                                   0x08005067   Thumb Code    10  printfa.o(i._sputc)
    i.delay1                                 0x08005070   Section        0  i2c_hal.o(i.delay1)
    delay1                                   0x08005071   Thumb Code    12  i2c_hal.o(i.delay1)
    i.fputc                                  0x0800507c   Section        0  main.o(i.fputc)
    i.main                                   0x08005094   Section        0  main.o(i.main)
    .constdata                               0x08005128   Section     4560  lcd_hal.o(.constdata)
    .constdata                               0x080062f8   Section       16  system_stm32g4xx.o(.constdata)
    .constdata                               0x08006308   Section        8  system_stm32g4xx.o(.constdata)
    .data                                    0x20000000   Section       52  main.o(.data)
    .data                                    0x20000034   Section        4  main.o(.data)
    .data                                    0x20000038   Section        6  lcd_hal.o(.data)
    TextColor                                0x20000038   Data           2  lcd_hal.o(.data)
    BackColor                                0x2000003a   Data           2  lcd_hal.o(.data)
    .data                                    0x20000040   Section       12  stm32g4xx_hal.o(.data)
    .data                                    0x2000004c   Section        4  system_stm32g4xx.o(.data)
    .bss                                     0x20000050   Section       40  main.o(.bss)
    .bss                                     0x20000078   Section      108  adc.o(.bss)
    .bss                                     0x200000e4   Section       40  rtc.o(.bss)
    .bss                                     0x2000010c   Section      140  usart.o(.bss)
    STACK                                    0x20000198   Section     1024  startup_stm32g431xx.o(STACK)

    Global Symbols

    Symbol Name                              Value     Ov Type        Size  Object(Section)

    BuildAttributes$$THM_ISAv4$E$P$D$K$B$S$7EM$VFPi3$EXTD16$VFPS$VFMA$PE$A:L22UL41UL21$X:L11$S22US41US21$IEEE1$IW$USESV6$~STKCKD$USESV7$~SHL$OSPACE$ROPI$EBA8$MICROLIB$REQ8$PRES8$EABIv2 0x00000000   Number         0  anon$$obj.o ABSOLUTE
    __ARM_use_no_argv                        0x00000000   Number         0  main.o ABSOLUTE
    _printf_a                                0x00000000   Number         0  stubs.o ABSOLUTE
    _printf_c                                0x00000000   Number         0  stubs.o ABSOLUTE
    _printf_charcount                        0x00000000   Number         0  stubs.o ABSOLUTE
    _printf_d                                0x00000000   Number         0  stubs.o ABSOLUTE
    _printf_e                                0x00000000   Number         0  stubs.o ABSOLUTE
    _printf_f                                0x00000000   Number         0  stubs.o ABSOLUTE
    _printf_flags                            0x00000000   Number         0  stubs.o ABSOLUTE
    _printf_fp_dec                           0x00000000   Number         0  stubs.o ABSOLUTE
    _printf_fp_hex                           0x00000000   Number         0  stubs.o ABSOLUTE
    _printf_g                                0x00000000   Number         0  stubs.o ABSOLUTE
    _printf_i                                0x00000000   Number         0  stubs.o ABSOLUTE
    _printf_int_dec                          0x00000000   Number         0  stubs.o ABSOLUTE
    _printf_l                                0x00000000   Number         0  stubs.o ABSOLUTE
    _printf_lc                               0x00000000   Number         0  stubs.o ABSOLUTE
    _printf_ll                               0x00000000   Number         0  stubs.o ABSOLUTE
    _printf_lld                              0x00000000   Number         0  stubs.o ABSOLUTE
    _printf_lli                              0x00000000   Number         0  stubs.o ABSOLUTE
    _printf_llo                              0x00000000   Number         0  stubs.o ABSOLUTE
    _printf_llu                              0x00000000   Number         0  stubs.o ABSOLUTE
    _printf_llx                              0x00000000   Number         0  stubs.o ABSOLUTE
    _printf_longlong_dec                     0x00000000   Number         0  stubs.o ABSOLUTE
    _printf_longlong_hex                     0x00000000   Number         0  stubs.o ABSOLUTE
    _printf_longlong_oct                     0x00000000   Number         0  stubs.o ABSOLUTE
    _printf_ls                               0x00000000   Number         0  stubs.o ABSOLUTE
    _printf_mbtowc                           0x00000000   Number         0  stubs.o ABSOLUTE
    _printf_n                                0x00000000   Number         0  stubs.o ABSOLUTE
    _printf_o                                0x00000000   Number         0  stubs.o ABSOLUTE
    _printf_p                                0x00000000   Number         0  stubs.o ABSOLUTE
    _printf_percent                          0x00000000   Number         0  stubs.o ABSOLUTE
    _printf_pre_padding                      0x00000000   Number         0  stubs.o ABSOLUTE
    _printf_return_value                     0x00000000   Number         0  stubs.o ABSOLUTE
    _printf_s                                0x00000000   Number         0  stubs.o ABSOLUTE
    _printf_sizespec                         0x00000000   Number         0  stubs.o ABSOLUTE
    _printf_str                              0x00000000   Number         0  stubs.o ABSOLUTE
    _printf_truncate_signed                  0x00000000   Number         0  stubs.o ABSOLUTE
    _printf_truncate_unsigned                0x00000000   Number         0  stubs.o ABSOLUTE
    _printf_u                                0x00000000   Number         0  stubs.o ABSOLUTE
    _printf_wc                               0x00000000   Number         0  stubs.o ABSOLUTE
    _printf_wctomb                           0x00000000   Number         0  stubs.o ABSOLUTE
    _printf_widthprec                        0x00000000   Number         0  stubs.o ABSOLUTE
    _printf_x                                0x00000000   Number         0  stubs.o ABSOLUTE
    __arm_fini_                               - Undefined Weak Reference
    __cpp_initialize__aeabi_                  - Undefined Weak Reference
    __cxa_finalize                            - Undefined Weak Reference
    __decompress                              - Undefined Weak Reference
    _clock_init                               - Undefined Weak Reference
    _microlib_exit                            - Undefined Weak Reference
    __Vectors_Size                           0x000001d8   Number         0  startup_stm32g431xx.o ABSOLUTE
    __Vectors                                0x08000000   Data           4  startup_stm32g431xx.o(RESET)
    __Vectors_End                            0x080001d8   Data           0  startup_stm32g431xx.o(RESET)
    __main                                   0x080001d9   Thumb Code     0  entry.o(.ARM.Collect$$$$00000000)
    _main_stk                                0x080001d9   Thumb Code     0  entry2.o(.ARM.Collect$$$$00000001)
    _main_scatterload                        0x080001dd   Thumb Code     0  entry5.o(.ARM.Collect$$$$00000004)
    __main_after_scatterload                 0x080001e1   Thumb Code     0  entry5.o(.ARM.Collect$$$$00000004)
    _main_clock                              0x080001e1   Thumb Code     0  entry7b.o(.ARM.Collect$$$$00000008)
    _main_cpp_init                           0x080001e1   Thumb Code     0  entry8b.o(.ARM.Collect$$$$0000000A)
    _main_init                               0x080001e1   Thumb Code     0  entry9a.o(.ARM.Collect$$$$0000000B)
    __rt_lib_shutdown_fini                   0x080001e9   Thumb Code     0  entry12b.o(.ARM.Collect$$$$0000000E)
    __rt_final_cpp                           0x080001ed   Thumb Code     0  entry10a.o(.ARM.Collect$$$$0000000F)
    __rt_final_exit                          0x080001ed   Thumb Code     0  entry11a.o(.ARM.Collect$$$$00000011)
    Reset_Handler                            0x080001f1   Thumb Code     8  startup_stm32g431xx.o(.text)
    ADC1_2_IRQHandler                        0x0800020b   Thumb Code     0  startup_stm32g431xx.o(.text)
    COMP1_2_3_IRQHandler                     0x0800020b   Thumb Code     0  startup_stm32g431xx.o(.text)
    COMP4_IRQHandler                         0x0800020b   Thumb Code     0  startup_stm32g431xx.o(.text)
    CORDIC_IRQHandler                        0x0800020b   Thumb Code     0  startup_stm32g431xx.o(.text)
    CRS_IRQHandler                           0x0800020b   Thumb Code     0  startup_stm32g431xx.o(.text)
    DMA1_Channel1_IRQHandler                 0x0800020b   Thumb Code     0  startup_stm32g431xx.o(.text)
    DMA1_Channel2_IRQHandler                 0x0800020b   Thumb Code     0  startup_stm32g431xx.o(.text)
    DMA1_Channel3_IRQHandler                 0x0800020b   Thumb Code     0  startup_stm32g431xx.o(.text)
    DMA1_Channel4_IRQHandler                 0x0800020b   Thumb Code     0  startup_stm32g431xx.o(.text)
    DMA1_Channel5_IRQHandler                 0x0800020b   Thumb Code     0  startup_stm32g431xx.o(.text)
    DMA1_Channel6_IRQHandler                 0x0800020b   Thumb Code     0  startup_stm32g431xx.o(.text)
    DMA2_Channel1_IRQHandler                 0x0800020b   Thumb Code     0  startup_stm32g431xx.o(.text)
    DMA2_Channel2_IRQHandler                 0x0800020b   Thumb Code     0  startup_stm32g431xx.o(.text)
    DMA2_Channel3_IRQHandler                 0x0800020b   Thumb Code     0  startup_stm32g431xx.o(.text)
    DMA2_Channel4_IRQHandler                 0x0800020b   Thumb Code     0  startup_stm32g431xx.o(.text)
    DMA2_Channel5_IRQHandler                 0x0800020b   Thumb Code     0  startup_stm32g431xx.o(.text)
    DMA2_Channel6_IRQHandler                 0x0800020b   Thumb Code     0  startup_stm32g431xx.o(.text)
    DMAMUX_OVR_IRQHandler                    0x0800020b   Thumb Code     0  startup_stm32g431xx.o(.text)
    EXTI0_IRQHandler                         0x0800020b   Thumb Code     0  startup_stm32g431xx.o(.text)
    EXTI15_10_IRQHandler                     0x0800020b   Thumb Code     0  startup_stm32g431xx.o(.text)
    EXTI1_IRQHandler                         0x0800020b   Thumb Code     0  startup_stm32g431xx.o(.text)
    EXTI2_IRQHandler                         0x0800020b   Thumb Code     0  startup_stm32g431xx.o(.text)
    EXTI3_IRQHandler                         0x0800020b   Thumb Code     0  startup_stm32g431xx.o(.text)
    EXTI4_IRQHandler                         0x0800020b   Thumb Code     0  startup_stm32g431xx.o(.text)
    EXTI9_5_IRQHandler                       0x0800020b   Thumb Code     0  startup_stm32g431xx.o(.text)
    FDCAN1_IT0_IRQHandler                    0x0800020b   Thumb Code     0  startup_stm32g431xx.o(.text)
    FDCAN1_IT1_IRQHandler                    0x0800020b   Thumb Code     0  startup_stm32g431xx.o(.text)
    FLASH_IRQHandler                         0x0800020b   Thumb Code     0  startup_stm32g431xx.o(.text)
    FMAC_IRQHandler                          0x0800020b   Thumb Code     0  startup_stm32g431xx.o(.text)
    FPU_IRQHandler                           0x0800020b   Thumb Code     0  startup_stm32g431xx.o(.text)
    I2C1_ER_IRQHandler                       0x0800020b   Thumb Code     0  startup_stm32g431xx.o(.text)
    I2C1_EV_IRQHandler                       0x0800020b   Thumb Code     0  startup_stm32g431xx.o(.text)
    I2C2_ER_IRQHandler                       0x0800020b   Thumb Code     0  startup_stm32g431xx.o(.text)
    I2C2_EV_IRQHandler                       0x0800020b   Thumb Code     0  startup_stm32g431xx.o(.text)
    I2C3_ER_IRQHandler                       0x0800020b   Thumb Code     0  startup_stm32g431xx.o(.text)
    I2C3_EV_IRQHandler                       0x0800020b   Thumb Code     0  startup_stm32g431xx.o(.text)
    LPTIM1_IRQHandler                        0x0800020b   Thumb Code     0  startup_stm32g431xx.o(.text)
    LPUART1_IRQHandler                       0x0800020b   Thumb Code     0  startup_stm32g431xx.o(.text)
    PVD_PVM_IRQHandler                       0x0800020b   Thumb Code     0  startup_stm32g431xx.o(.text)
    RCC_IRQHandler                           0x0800020b   Thumb Code     0  startup_stm32g431xx.o(.text)
    RNG_IRQHandler                           0x0800020b   Thumb Code     0  startup_stm32g431xx.o(.text)
    RTC_Alarm_IRQHandler                     0x0800020b   Thumb Code     0  startup_stm32g431xx.o(.text)
    RTC_TAMP_LSECSS_IRQHandler               0x0800020b   Thumb Code     0  startup_stm32g431xx.o(.text)
    RTC_WKUP_IRQHandler                      0x0800020b   Thumb Code     0  startup_stm32g431xx.o(.text)
    SAI1_IRQHandler                          0x0800020b   Thumb Code     0  startup_stm32g431xx.o(.text)
    SPI1_IRQHandler                          0x0800020b   Thumb Code     0  startup_stm32g431xx.o(.text)
    SPI2_IRQHandler                          0x0800020b   Thumb Code     0  startup_stm32g431xx.o(.text)
    SPI3_IRQHandler                          0x0800020b   Thumb Code     0  startup_stm32g431xx.o(.text)
    TIM1_BRK_TIM15_IRQHandler                0x0800020b   Thumb Code     0  startup_stm32g431xx.o(.text)
    TIM1_CC_IRQHandler                       0x0800020b   Thumb Code     0  startup_stm32g431xx.o(.text)
    TIM1_TRG_COM_TIM17_IRQHandler            0x0800020b   Thumb Code     0  startup_stm32g431xx.o(.text)
    TIM1_UP_TIM16_IRQHandler                 0x0800020b   Thumb Code     0  startup_stm32g431xx.o(.text)
    TIM2_IRQHandler                          0x0800020b   Thumb Code     0  startup_stm32g431xx.o(.text)
    TIM3_IRQHandler                          0x0800020b   Thumb Code     0  startup_stm32g431xx.o(.text)
    TIM4_IRQHandler                          0x0800020b   Thumb Code     0  startup_stm32g431xx.o(.text)
    TIM6_DAC_IRQHandler                      0x0800020b   Thumb Code     0  startup_stm32g431xx.o(.text)
    TIM7_DAC_IRQHandler                      0x0800020b   Thumb Code     0  startup_stm32g431xx.o(.text)
    TIM8_BRK_IRQHandler                      0x0800020b   Thumb Code     0  startup_stm32g431xx.o(.text)
    TIM8_CC_IRQHandler                       0x0800020b   Thumb Code     0  startup_stm32g431xx.o(.text)
    TIM8_TRG_COM_IRQHandler                  0x0800020b   Thumb Code     0  startup_stm32g431xx.o(.text)
    TIM8_UP_IRQHandler                       0x0800020b   Thumb Code     0  startup_stm32g431xx.o(.text)
    UART4_IRQHandler                         0x0800020b   Thumb Code     0  startup_stm32g431xx.o(.text)
    UCPD1_IRQHandler                         0x0800020b   Thumb Code     0  startup_stm32g431xx.o(.text)
    USART2_IRQHandler                        0x0800020b   Thumb Code     0  startup_stm32g431xx.o(.text)
    USART3_IRQHandler                        0x0800020b   Thumb Code     0  startup_stm32g431xx.o(.text)
    USBWakeUp_IRQHandler                     0x0800020b   Thumb Code     0  startup_stm32g431xx.o(.text)
    USB_HP_IRQHandler                        0x0800020b   Thumb Code     0  startup_stm32g431xx.o(.text)
    USB_LP_IRQHandler                        0x0800020b   Thumb Code     0  startup_stm32g431xx.o(.text)
    WWDG_IRQHandler                          0x0800020b   Thumb Code     0  startup_stm32g431xx.o(.text)
    __aeabi_uldivmod                         0x08000215   Thumb Code    98  uldiv.o(.text)
    __aeabi_memset                           0x08000277   Thumb Code    14  memseta.o(.text)
    __aeabi_memset4                          0x08000277   Thumb Code     0  memseta.o(.text)
    __aeabi_memset8                          0x08000277   Thumb Code     0  memseta.o(.text)
    __aeabi_memclr                           0x08000285   Thumb Code     4  memseta.o(.text)
    __aeabi_memclr4                          0x08000285   Thumb Code     0  memseta.o(.text)
    __aeabi_memclr8                          0x08000285   Thumb Code     0  memseta.o(.text)
    _memset$wrapper                          0x08000289   Thumb Code    18  memseta.o(.text)
    __aeabi_f2d                              0x0800029b   Thumb Code    38  f2d.o(.text)
    __aeabi_uidiv                            0x080002c1   Thumb Code     0  uidiv.o(.text)
    __aeabi_uidivmod                         0x080002c1   Thumb Code    44  uidiv.o(.text)
    __aeabi_llsl                             0x080002ed   Thumb Code    30  llshl.o(.text)
    _ll_shift_l                              0x080002ed   Thumb Code     0  llshl.o(.text)
    __aeabi_llsr                             0x0800030b   Thumb Code    32  llushr.o(.text)
    _ll_ushift_r                             0x0800030b   Thumb Code     0  llushr.o(.text)
    __I$use$fp                               0x0800032b   Thumb Code     0  iusefp.o(.text)
    __aeabi_dadd                             0x0800032b   Thumb Code   322  dadd.o(.text)
    __aeabi_dsub                             0x0800046d   Thumb Code     6  dadd.o(.text)
    __aeabi_drsub                            0x08000473   Thumb Code     6  dadd.o(.text)
    __aeabi_dmul                             0x08000479   Thumb Code   228  dmul.o(.text)
    __aeabi_ddiv                             0x0800055d   Thumb Code   222  ddiv.o(.text)
    __aeabi_d2ulz                            0x0800063b   Thumb Code    48  dfixul.o(.text)
    __aeabi_cdrcmple                         0x0800066d   Thumb Code    48  cdrcmple.o(.text)
    __scatterload                            0x0800069d   Thumb Code    28  init.o(.text)
    __scatterload_rt2                        0x0800069d   Thumb Code     0  init.o(.text)
    __aeabi_lasr                             0x080006c1   Thumb Code    36  llsshr.o(.text)
    _ll_sshift_r                             0x080006c1   Thumb Code     0  llsshr.o(.text)
    _double_round                            0x080006e5   Thumb Code    30  depilogue.o(.text)
    _double_epilogue                         0x08000703   Thumb Code   156  depilogue.o(.text)
    ADC_ConversionStop                       0x080007a1   Thumb Code   212  stm32g4xx_hal_adc.o(i.ADC_ConversionStop)
    ADC_Disable                              0x0800087d   Thumb Code    98  stm32g4xx_hal_adc.o(i.ADC_Disable)
    ADC_Enable                               0x080008e5   Thumb Code   100  stm32g4xx_hal_adc.o(i.ADC_Enable)
    ADC_Proc                                 0x0800094d   Thumb Code    62  main.o(i.ADC_Proc)
    BusFault_Handler                         0x0800099d   Thumb Code     2  stm32g4xx_it.o(i.BusFault_Handler)
    DebugMon_Handler                         0x0800099f   Thumb Code     2  stm32g4xx_it.o(i.DebugMon_Handler)
    Delay_LCD                                0x080009a1   Thumb Code    28  lcd_hal.o(i.Delay_LCD)
    EEPROM_Read                              0x080009bd   Thumb Code    60  i2c_hal.o(i.EEPROM_Read)
    EEPROM_Write                             0x080009f9   Thumb Code    54  i2c_hal.o(i.EEPROM_Write)
    Error_Handler                            0x08000a2f   Thumb Code     2  main.o(i.Error_Handler)
    HAL_ADC_ConfigChannel                    0x08000a31   Thumb Code  1004  stm32g4xx_hal_adc.o(i.HAL_ADC_ConfigChannel)
    HAL_ADC_GetValue                         0x08000e51   Thumb Code     6  stm32g4xx_hal_adc.o(i.HAL_ADC_GetValue)
    HAL_ADC_Init                             0x08000e59   Thumb Code   472  stm32g4xx_hal_adc.o(i.HAL_ADC_Init)
    HAL_ADC_MspInit                          0x08001051   Thumb Code    82  adc.o(i.HAL_ADC_MspInit)
    HAL_ADC_PollForConversion                0x080010b1   Thumb Code   236  stm32g4xx_hal_adc.o(i.HAL_ADC_PollForConversion)
    HAL_ADC_Start                            0x080011a5   Thumb Code   230  stm32g4xx_hal_adc.o(i.HAL_ADC_Start)
    HAL_ADC_Stop                             0x08001299   Thumb Code    62  stm32g4xx_hal_adc.o(i.HAL_ADC_Stop)
    HAL_DMA_Abort_IT                         0x080012d7   Thumb Code   120  stm32g4xx_hal_dma.o(i.HAL_DMA_Abort_IT)
    HAL_Delay                                0x08001351   Thumb Code    32  stm32g4xx_hal.o(i.HAL_Delay)
    HAL_GPIO_Init                            0x08001375   Thumb Code   422  stm32g4xx_hal_gpio.o(i.HAL_GPIO_Init)
    HAL_GPIO_ReadPin                         0x0800153d   Thumb Code    10  stm32g4xx_hal_gpio.o(i.HAL_GPIO_ReadPin)
    HAL_GPIO_WritePin                        0x08001547   Thumb Code    10  stm32g4xx_hal_gpio.o(i.HAL_GPIO_WritePin)
    HAL_GetTick                              0x08001551   Thumb Code     6  stm32g4xx_hal.o(i.HAL_GetTick)
    HAL_IncTick                              0x0800155d   Thumb Code    12  stm32g4xx_hal.o(i.HAL_IncTick)
    HAL_Init                                 0x0800156d   Thumb Code    30  stm32g4xx_hal.o(i.HAL_Init)
    HAL_InitTick                             0x0800158d   Thumb Code    58  stm32g4xx_hal.o(i.HAL_InitTick)
    HAL_MspInit                              0x080015d1   Thumb Code    48  stm32g4xx_hal_msp.o(i.HAL_MspInit)
    HAL_NVIC_EnableIRQ                       0x08001609   Thumb Code    26  stm32g4xx_hal_cortex.o(i.HAL_NVIC_EnableIRQ)
    HAL_NVIC_SetPriority                     0x08001625   Thumb Code    60  stm32g4xx_hal_cortex.o(i.HAL_NVIC_SetPriority)
    HAL_NVIC_SetPriorityGrouping             0x08001665   Thumb Code    26  stm32g4xx_hal_cortex.o(i.HAL_NVIC_SetPriorityGrouping)
    HAL_PWREx_ControlVoltageScaling          0x08001689   Thumb Code   174  stm32g4xx_hal_pwr_ex.o(i.HAL_PWREx_ControlVoltageScaling)
    HAL_RCCEx_PeriphCLKConfig                0x08001745   Thumb Code   638  stm32g4xx_hal_rcc_ex.o(i.HAL_RCCEx_PeriphCLKConfig)
    HAL_RCC_ClockConfig                      0x080019cd   Thumb Code   444  stm32g4xx_hal_rcc.o(i.HAL_RCC_ClockConfig)
    HAL_RCC_GetPCLK1Freq                     0x08001ba9   Thumb Code    24  stm32g4xx_hal_rcc.o(i.HAL_RCC_GetPCLK1Freq)
    HAL_RCC_GetPCLK2Freq                     0x08001bcd   Thumb Code    24  stm32g4xx_hal_rcc.o(i.HAL_RCC_GetPCLK2Freq)
    HAL_RCC_GetSysClockFreq                  0x08001bf1   Thumb Code    98  stm32g4xx_hal_rcc.o(i.HAL_RCC_GetSysClockFreq)
    HAL_RCC_OscConfig                        0x08001c61   Thumb Code  1036  stm32g4xx_hal_rcc.o(i.HAL_RCC_OscConfig)
    HAL_RTC_GetDate                          0x0800206d   Thumb Code    62  stm32g4xx_hal_rtc.o(i.HAL_RTC_GetDate)
    HAL_RTC_GetTime                          0x080020b5   Thumb Code    82  stm32g4xx_hal_rtc.o(i.HAL_RTC_GetTime)
    HAL_RTC_Init                             0x08002111   Thumb Code   138  stm32g4xx_hal_rtc.o(i.HAL_RTC_Init)
    HAL_RTC_MspInit                          0x080021a5   Thumb Code    22  rtc.o(i.HAL_RTC_MspInit)
    HAL_RTC_SetDate                          0x080021c5   Thumb Code   158  stm32g4xx_hal_rtc.o(i.HAL_RTC_SetDate)
    HAL_RTC_SetTime                          0x0800226d   Thumb Code   200  stm32g4xx_hal_rtc.o(i.HAL_RTC_SetTime)
    HAL_RTC_WaitForSynchro                   0x0800233d   Thumb Code    48  stm32g4xx_hal_rtc.o(i.HAL_RTC_WaitForSynchro)
    HAL_SYSTICK_Config                       0x08002371   Thumb Code    40  stm32g4xx_hal_cortex.o(i.HAL_SYSTICK_Config)
    HAL_UARTEx_DisableFifoMode               0x08002399   Thumb Code    62  stm32g4xx_hal_uart_ex.o(i.HAL_UARTEx_DisableFifoMode)
    HAL_UARTEx_RxFifoFullCallback            0x080023d7   Thumb Code     2  stm32g4xx_hal_uart_ex.o(i.HAL_UARTEx_RxFifoFullCallback)
    HAL_UARTEx_SetRxFifoThreshold            0x080023d9   Thumb Code    76  stm32g4xx_hal_uart_ex.o(i.HAL_UARTEx_SetRxFifoThreshold)
    HAL_UARTEx_SetTxFifoThreshold            0x08002425   Thumb Code    76  stm32g4xx_hal_uart_ex.o(i.HAL_UARTEx_SetTxFifoThreshold)
    HAL_UARTEx_TxFifoEmptyCallback           0x08002471   Thumb Code     2  stm32g4xx_hal_uart_ex.o(i.HAL_UARTEx_TxFifoEmptyCallback)
    HAL_UARTEx_WakeupCallback                0x08002473   Thumb Code     2  stm32g4xx_hal_uart_ex.o(i.HAL_UARTEx_WakeupCallback)
    HAL_UART_ErrorCallback                   0x08002475   Thumb Code     2  stm32g4xx_hal_uart.o(i.HAL_UART_ErrorCallback)
    HAL_UART_IRQHandler                      0x08002479   Thumb Code   404  stm32g4xx_hal_uart.o(i.HAL_UART_IRQHandler)
    HAL_UART_Init                            0x08002615   Thumb Code   106  stm32g4xx_hal_uart.o(i.HAL_UART_Init)
    HAL_UART_MspInit                         0x08002681   Thumb Code   106  usart.o(i.HAL_UART_MspInit)
    HAL_UART_Receive_IT                      0x080026f5   Thumb Code   234  stm32g4xx_hal_uart.o(i.HAL_UART_Receive_IT)
    HAL_UART_RxCpltCallback                  0x080027f1   Thumb Code    34  main.o(i.HAL_UART_RxCpltCallback)
    HAL_UART_Transmit                        0x08002825   Thumb Code   188  stm32g4xx_hal_uart.o(i.HAL_UART_Transmit)
    HAL_UART_TxCpltCallback                  0x080028e1   Thumb Code     2  stm32g4xx_hal_uart.o(i.HAL_UART_TxCpltCallback)
    HardFault_Handler                        0x080028e3   Thumb Code     2  stm32g4xx_it.o(i.HardFault_Handler)
    I2CInit                                  0x080028e5   Thumb Code    38  i2c_hal.o(i.I2CInit)
    I2CReceiveByte                           0x08002911   Thumb Code    78  i2c_hal.o(i.I2CReceiveByte)
    I2CSendByte                              0x0800295f   Thumb Code    78  i2c_hal.o(i.I2CSendByte)
    I2CSendNotAck                            0x080029ad   Thumb Code    48  i2c_hal.o(i.I2CSendNotAck)
    I2CStart                                 0x080029dd   Thumb Code    54  i2c_hal.o(i.I2CStart)
    I2CStop                                  0x08002a13   Thumb Code    54  i2c_hal.o(i.I2CStop)
    I2CWaitAck                               0x08002a49   Thumb Code    80  i2c_hal.o(i.I2CWaitAck)
    Key_Proc                                 0x08002a99   Thumb Code   148  main.o(i.Key_Proc)
    Key_Read                                 0x08002b35   Thumb Code    72  main.o(i.Key_Read)
    LCD_BusIn                                0x08002b85   Thumb Code    40  lcd_hal.o(i.LCD_BusIn)
    LCD_BusOut                               0x08002bb1   Thumb Code    42  lcd_hal.o(i.LCD_BusOut)
    LCD_Clear                                0x08002be1   Thumb Code    36  lcd_hal.o(i.LCD_Clear)
    LCD_CtrlLinesConfig                      0x08002c05   Thumb Code   136  lcd_hal.o(i.LCD_CtrlLinesConfig)
    LCD_DisplayChar                          0x08002c95   Thumb Code    18  lcd_hal.o(i.LCD_DisplayChar)
    LCD_DisplayStringLine                    0x08002cad   Thumb Code    42  lcd_hal.o(i.LCD_DisplayStringLine)
    LCD_DrawChar                             0x08002cd9   Thumb Code    84  lcd_hal.o(i.LCD_DrawChar)
    LCD_Init                                 0x08002d31   Thumb Code    46  lcd_hal.o(i.LCD_Init)
    LCD_Proc                                 0x08002d65   Thumb Code   260  main.o(i.LCD_Proc)
    LCD_ReadReg                              0x08002f9d   Thumb Code   120  lcd_hal.o(i.LCD_ReadReg)
    LCD_SetBackColor                         0x0800301d   Thumb Code    12  lcd_hal.o(i.LCD_SetBackColor)
    LCD_SetCursor                            0x0800302d   Thumb Code    24  lcd_hal.o(i.LCD_SetCursor)
    LCD_SetTextColor                         0x08003045   Thumb Code    12  lcd_hal.o(i.LCD_SetTextColor)
    LCD_WriteRAM                             0x08003055   Thumb Code    80  lcd_hal.o(i.LCD_WriteRAM)
    LCD_WriteRAM_Prepare                     0x080030ad   Thumb Code    82  lcd_hal.o(i.LCD_WriteRAM_Prepare)
    LCD_WriteReg                             0x08003109   Thumb Code   100  lcd_hal.o(i.LCD_WriteReg)
    LED_Disp                                 0x08003175   Thumb Code    54  main.o(i.LED_Disp)
    LED_Proc                                 0x080031b5   Thumb Code    68  main.o(i.LED_Proc)
    MX_ADC2_Init                             0x08003261   Thumb Code   110  adc.o(i.MX_ADC2_Init)
    MX_GPIO_Init                             0x080032dd   Thumb Code   232  gpio.o(i.MX_GPIO_Init)
    MX_RTC_Init                              0x080033d5   Thumb Code   132  rtc.o(i.MX_RTC_Init)
    MX_USART1_UART_Init                      0x08003461   Thumb Code    94  usart.o(i.MX_USART1_UART_Init)
    MemManage_Handler                        0x080034c9   Thumb Code     2  stm32g4xx_it.o(i.MemManage_Handler)
    NMI_Handler                              0x080034cb   Thumb Code     2  stm32g4xx_it.o(i.NMI_Handler)
    PendSV_Handler                           0x080034cd   Thumb Code     2  stm32g4xx_it.o(i.PendSV_Handler)
    REG_8230_Init                            0x080034cf   Thumb Code   274  lcd_hal.o(i.REG_8230_Init)
    REG_932X_Init                            0x080035e1   Thumb Code   514  lcd_hal.o(i.REG_932X_Init)
    RTC_Bcd2ToByte                           0x080037e3   Thumb Code    18  stm32g4xx_hal_rtc.o(i.RTC_Bcd2ToByte)
    RTC_ByteToBcd2                           0x080037f5   Thumb Code    24  stm32g4xx_hal_rtc.o(i.RTC_ByteToBcd2)
    RTC_EnterInitMode                        0x0800380d   Thumb Code    72  stm32g4xx_hal_rtc.o(i.RTC_EnterInitMode)
    RTC_ExitInitMode                         0x08003859   Thumb Code    84  stm32g4xx_hal_rtc.o(i.RTC_ExitInitMode)
    RTC_Proc                                 0x080038b1   Thumb Code    26  main.o(i.RTC_Proc)
    RX_Proc                                  0x080038d9   Thumb Code   142  main.o(i.RX_Proc)
    SCL_Output                               0x080039a1   Thumb Code    20  i2c_hal.o(i.SCL_Output)
    SDA_Input                                0x080039b9   Thumb Code    18  i2c_hal.o(i.SDA_Input)
    SDA_Input_Mode                           0x080039d1   Thumb Code    40  i2c_hal.o(i.SDA_Input_Mode)
    SDA_Output                               0x080039fd   Thumb Code    20  i2c_hal.o(i.SDA_Output)
    SDA_Output_Mode                          0x08003a15   Thumb Code    40  i2c_hal.o(i.SDA_Output_Mode)
    SVC_Handler                              0x08003a41   Thumb Code     2  stm32g4xx_it.o(i.SVC_Handler)
    SysTick_Handler                          0x08003a43   Thumb Code     4  stm32g4xx_it.o(i.SysTick_Handler)
    SystemClock_Config                       0x08003a49   Thumb Code   120  main.o(i.SystemClock_Config)
    SystemInit                               0x08003ac5   Thumb Code    22  system_stm32g4xx.o(i.SystemInit)
    TX_Proc                                  0x08003ae1   Thumb Code   106  main.o(i.TX_Proc)
    UART_AdvFeatureConfig                    0x08003bd9   Thumb Code   200  stm32g4xx_hal_uart.o(i.UART_AdvFeatureConfig)
    UART_CheckIdleState                      0x08003ca1   Thumb Code    94  stm32g4xx_hal_uart.o(i.UART_CheckIdleState)
    UART_SetConfig                           0x08003f39   Thumb Code  1958  stm32g4xx_hal_uart.o(i.UART_SetConfig)
    UART_WaitOnFlagUntilTimeout              0x080046df   Thumb Code   100  stm32g4xx_hal_uart.o(i.UART_WaitOnFlagUntilTimeout)
    USART1_IRQHandler                        0x08004745   Thumb Code     6  stm32g4xx_it.o(i.USART1_IRQHandler)
    UsageFault_Handler                       0x08004751   Thumb Code     2  stm32g4xx_it.o(i.UsageFault_Handler)
    __0printf                                0x08004755   Thumb Code    22  printfa.o(i.__0printf)
    __1printf                                0x08004755   Thumb Code     0  printfa.o(i.__0printf)
    __2printf                                0x08004755   Thumb Code     0  printfa.o(i.__0printf)
    __c89printf                              0x08004755   Thumb Code     0  printfa.o(i.__0printf)
    printf                                   0x08004755   Thumb Code     0  printfa.o(i.__0printf)
    __0sprintf                               0x08004775   Thumb Code    34  printfa.o(i.__0sprintf)
    __1sprintf                               0x08004775   Thumb Code     0  printfa.o(i.__0sprintf)
    __2sprintf                               0x08004775   Thumb Code     0  printfa.o(i.__0sprintf)
    __c89sprintf                             0x08004775   Thumb Code     0  printfa.o(i.__0sprintf)
    sprintf                                  0x08004775   Thumb Code     0  printfa.o(i.__0sprintf)
    __scatterload_copy                       0x080047bd   Thumb Code    14  handlers.o(i.__scatterload_copy)
    __scatterload_null                       0x080047cb   Thumb Code     2  handlers.o(i.__scatterload_null)
    __scatterload_zeroinit                   0x080047cd   Thumb Code    14  handlers.o(i.__scatterload_zeroinit)
    fputc                                    0x0800507d   Thumb Code    18  main.o(i.fputc)
    main                                     0x08005095   Thumb Code   130  main.o(i.main)
    ASCII_Table                              0x08005128   Data        4560  lcd_hal.o(.constdata)
    AHBPrescTable                            0x080062f8   Data          16  system_stm32g4xx.o(.constdata)
    APBPrescTable                            0x08006308   Data           8  system_stm32g4xx.o(.constdata)
    Region$$Table$$Base                      0x08006310   Number         0  anon$$obj.o(Region$$Table)
    Region$$Table$$Limit                     0x08006330   Number         0  anon$$obj.o(Region$$Table)
    ui                                       0x20000000   Data           1  main.o(.data)
    led1_Flag                                0x20000001   Data           1  main.o(.data)
    Key3_Flag                                0x20000002   Data           1  main.o(.data)
    light_Flag                               0x20000003   Data           1  main.o(.data)
    RX_pointer                               0x20000004   Data           1  main.o(.data)
    led_ctrl                                 0x20000005   Data           1  main.o(.data)
    tag                                      0x20000006   Data           1  main.o(.data)
    cnt                                      0x20000007   Data           1  main.o(.data)
    rx_data                                  0x20000008   Data           2  main.o(.data)
    Time_Set                                 0x2000000a   Data           3  main.o(.data)
    Time_Set_vaild                           0x2000000d   Data           3  main.o(.data)
    D                                        0x20000010   Data           4  main.o(.data)
    volt                                     0x20000014   Data           4  main.o(.data)
    k                                        0x20000018   Data           4  main.o(.data)
    LED_State                                0x2000001c   Data           4  main.o(.data)
    LCD_tick                                 0x20000020   Data           4  main.o(.data)
    LED_tick                                 0x20000024   Data           4  main.o(.data)
    Key_tick                                 0x20000028   Data           4  main.o(.data)
    TX_tick                                  0x2000002c   Data           4  main.o(.data)
    RX_tick                                  0x20000030   Data           4  main.o(.data)
    __stdout                                 0x20000034   Data           4  main.o(.data)
    dummy                                    0x2000003c   Data           2  lcd_hal.o(.data)
    uwTickPrio                               0x20000040   Data           4  stm32g4xx_hal.o(.data)
    uwTickFreq                               0x20000044   Data           4  stm32g4xx_hal.o(.data)
    uwTick                                   0x20000048   Data           4  stm32g4xx_hal.o(.data)
    SystemCoreClock                          0x2000004c   Data           4  system_stm32g4xx.o(.data)
    T                                        0x20000050   Data          20  main.o(.bss)
    rx_Buffer                                0x20000064   Data          20  main.o(.bss)
    hadc2                                    0x20000078   Data         108  adc.o(.bss)
    hrtc                                     0x200000e4   Data          40  rtc.o(.bss)
    huart1                                   0x2000010c   Data         140  usart.o(.bss)
    __initial_sp                             0x20000598   Data           0  startup_stm32g431xx.o(STACK)



==============================================================================

Memory Map of the image

  Image Entry point : 0x080001d9

  Load Region LR_IROM1 (Base: 0x08000000, Size: 0x00006380, Max: 0x00020000, ABSOLUTE)

    Execution Region ER_IROM1 (Exec base: 0x08000000, Load base: 0x08000000, Size: 0x00006330, Max: 0x00020000, ABSOLUTE)

    Exec Addr    Load Addr    Size         Type   Attr      Idx    E Section Name        Object

    0x08000000   0x08000000   0x000001d8   Data   RO            3    RESET               startup_stm32g431xx.o
    0x080001d8   0x080001d8   0x00000000   Code   RO         3727  * .ARM.Collect$$$$00000000  mc_w.l(entry.o)
    0x080001d8   0x080001d8   0x00000004   Code   RO         3997    .ARM.Collect$$$$00000001  mc_w.l(entry2.o)
    0x080001dc   0x080001dc   0x00000004   Code   RO         4000    .ARM.Collect$$$$00000004  mc_w.l(entry5.o)
    0x080001e0   0x080001e0   0x00000000   Code   RO         4002    .ARM.Collect$$$$00000008  mc_w.l(entry7b.o)
    0x080001e0   0x080001e0   0x00000000   Code   RO         4004    .ARM.Collect$$$$0000000A  mc_w.l(entry8b.o)
    0x080001e0   0x080001e0   0x00000008   Code   RO         4005    .ARM.Collect$$$$0000000B  mc_w.l(entry9a.o)
    0x080001e8   0x080001e8   0x00000004   Code   RO         4012    .ARM.Collect$$$$0000000E  mc_w.l(entry12b.o)
    0x080001ec   0x080001ec   0x00000000   Code   RO         4007    .ARM.Collect$$$$0000000F  mc_w.l(entry10a.o)
    0x080001ec   0x080001ec   0x00000000   Code   RO         4009    .ARM.Collect$$$$00000011  mc_w.l(entry11a.o)
    0x080001ec   0x080001ec   0x00000004   Code   RO         3998    .ARM.Collect$$$$00002712  mc_w.l(entry2.o)
    0x080001f0   0x080001f0   0x00000024   Code   RO            4    .text               startup_stm32g431xx.o
    0x08000214   0x08000214   0x00000062   Code   RO         3730    .text               mc_w.l(uldiv.o)
    0x08000276   0x08000276   0x00000024   Code   RO         3732    .text               mc_w.l(memseta.o)
    0x0800029a   0x0800029a   0x00000026   Code   RO         3995    .text               mf_w.l(f2d.o)
    0x080002c0   0x080002c0   0x0000002c   Code   RO         4013    .text               mc_w.l(uidiv.o)
    0x080002ec   0x080002ec   0x0000001e   Code   RO         4015    .text               mc_w.l(llshl.o)
    0x0800030a   0x0800030a   0x00000020   Code   RO         4017    .text               mc_w.l(llushr.o)
    0x0800032a   0x0800032a   0x00000000   Code   RO         4019    .text               mc_w.l(iusefp.o)
    0x0800032a   0x0800032a   0x0000014e   Code   RO         4020    .text               mf_w.l(dadd.o)
    0x08000478   0x08000478   0x000000e4   Code   RO         4022    .text               mf_w.l(dmul.o)
    0x0800055c   0x0800055c   0x000000de   Code   RO         4024    .text               mf_w.l(ddiv.o)
    0x0800063a   0x0800063a   0x00000030   Code   RO         4026    .text               mf_w.l(dfixul.o)
    0x0800066a   0x0800066a   0x00000002   PAD
    0x0800066c   0x0800066c   0x00000030   Code   RO         4028    .text               mf_w.l(cdrcmple.o)
    0x0800069c   0x0800069c   0x00000024   Code   RO         4030    .text               mc_w.l(init.o)
    0x080006c0   0x080006c0   0x00000024   Code   RO         4032    .text               mc_w.l(llsshr.o)
    0x080006e4   0x080006e4   0x000000ba   Code   RO         4034    .text               mf_w.l(depilogue.o)
    0x0800079e   0x0800079e   0x00000002   PAD
    0x080007a0   0x080007a0   0x000000dc   Code   RO          901    i.ADC_ConversionStop  stm32g4xx_hal_adc.o
    0x0800087c   0x0800087c   0x00000068   Code   RO          905    i.ADC_Disable       stm32g4xx_hal_adc.o
    0x080008e4   0x080008e4   0x00000068   Code   RO          906    i.ADC_Enable        stm32g4xx_hal_adc.o
    0x0800094c   0x0800094c   0x00000050   Code   RO           13    i.ADC_Proc          main.o
    0x0800099c   0x0800099c   0x00000002   Code   RO          411    i.BusFault_Handler  stm32g4xx_it.o
    0x0800099e   0x0800099e   0x00000002   Code   RO          412    i.DebugMon_Handler  stm32g4xx_it.o
    0x080009a0   0x080009a0   0x0000001c   Code   RO          629    i.Delay_LCD         lcd_hal.o
    0x080009bc   0x080009bc   0x0000003c   Code   RO          520    i.EEPROM_Read       i2c_hal.o
    0x080009f8   0x080009f8   0x00000036   Code   RO          521    i.EEPROM_Write      i2c_hal.o
    0x08000a2e   0x08000a2e   0x00000002   Code   RO           14    i.Error_Handler     main.o
    0x08000a30   0x08000a30   0x00000420   Code   RO          908    i.HAL_ADC_ConfigChannel  stm32g4xx_hal_adc.o
    0x08000e50   0x08000e50   0x00000006   Code   RO          915    i.HAL_ADC_GetValue  stm32g4xx_hal_adc.o
    0x08000e56   0x08000e56   0x00000002   PAD
    0x08000e58   0x08000e58   0x000001f8   Code   RO          917    i.HAL_ADC_Init      stm32g4xx_hal_adc.o
    0x08001050   0x08001050   0x00000060   Code   RO          286    i.HAL_ADC_MspInit   adc.o
    0x080010b0   0x080010b0   0x000000f4   Code   RO          921    i.HAL_ADC_PollForConversion  stm32g4xx_hal_adc.o
    0x080011a4   0x080011a4   0x000000f4   Code   RO          923    i.HAL_ADC_Start     stm32g4xx_hal_adc.o
    0x08001298   0x08001298   0x0000003e   Code   RO          927    i.HAL_ADC_Stop      stm32g4xx_hal_adc.o
    0x080012d6   0x080012d6   0x00000078   Code   RO         2119    i.HAL_DMA_Abort_IT  stm32g4xx_hal_dma.o
    0x0800134e   0x0800134e   0x00000002   PAD
    0x08001350   0x08001350   0x00000024   Code   RO         1355    i.HAL_Delay         stm32g4xx_hal.o
    0x08001374   0x08001374   0x000001c8   Code   RO          838    i.HAL_GPIO_Init     stm32g4xx_hal_gpio.o
    0x0800153c   0x0800153c   0x0000000a   Code   RO          840    i.HAL_GPIO_ReadPin  stm32g4xx_hal_gpio.o
    0x08001546   0x08001546   0x0000000a   Code   RO          842    i.HAL_GPIO_WritePin  stm32g4xx_hal_gpio.o
    0x08001550   0x08001550   0x0000000c   Code   RO         1359    i.HAL_GetTick       stm32g4xx_hal.o
    0x0800155c   0x0800155c   0x00000010   Code   RO         1362    i.HAL_IncTick       stm32g4xx_hal.o
    0x0800156c   0x0800156c   0x0000001e   Code   RO         1363    i.HAL_Init          stm32g4xx_hal.o
    0x0800158a   0x0800158a   0x00000002   PAD
    0x0800158c   0x0800158c   0x00000044   Code   RO         1364    i.HAL_InitTick      stm32g4xx_hal.o
    0x080015d0   0x080015d0   0x00000038   Code   RO          493    i.HAL_MspInit       stm32g4xx_hal_msp.o
    0x08001608   0x08001608   0x0000001a   Code   RO         2627    i.HAL_NVIC_EnableIRQ  stm32g4xx_hal_cortex.o
    0x08001622   0x08001622   0x00000002   PAD
    0x08001624   0x08001624   0x00000040   Code   RO         2633    i.HAL_NVIC_SetPriority  stm32g4xx_hal_cortex.o
    0x08001664   0x08001664   0x00000024   Code   RO         2634    i.HAL_NVIC_SetPriorityGrouping  stm32g4xx_hal_cortex.o
    0x08001688   0x08001688   0x000000bc   Code   RO         2383    i.HAL_PWREx_ControlVoltageScaling  stm32g4xx_hal_pwr_ex.o
    0x08001744   0x08001744   0x00000288   Code   RO         1708    i.HAL_RCCEx_PeriphCLKConfig  stm32g4xx_hal_rcc_ex.o
    0x080019cc   0x080019cc   0x000001dc   Code   RO         1583    i.HAL_RCC_ClockConfig  stm32g4xx_hal_rcc.o
    0x08001ba8   0x08001ba8   0x00000024   Code   RO         1591    i.HAL_RCC_GetPCLK1Freq  stm32g4xx_hal_rcc.o
    0x08001bcc   0x08001bcc   0x00000024   Code   RO         1592    i.HAL_RCC_GetPCLK2Freq  stm32g4xx_hal_rcc.o
    0x08001bf0   0x08001bf0   0x00000070   Code   RO         1593    i.HAL_RCC_GetSysClockFreq  stm32g4xx_hal_rcc.o
    0x08001c60   0x08001c60   0x0000040c   Code   RO         1596    i.HAL_RCC_OscConfig  stm32g4xx_hal_rcc.o
    0x0800206c   0x0800206c   0x00000048   Code   RO         2762    i.HAL_RTC_GetDate   stm32g4xx_hal_rtc.o
    0x080020b4   0x080020b4   0x0000005c   Code   RO         2764    i.HAL_RTC_GetTime   stm32g4xx_hal_rtc.o
    0x08002110   0x08002110   0x00000094   Code   RO         2765    i.HAL_RTC_Init      stm32g4xx_hal_rtc.o
    0x080021a4   0x080021a4   0x00000020   Code   RO          328    i.HAL_RTC_MspInit   rtc.o
    0x080021c4   0x080021c4   0x000000a8   Code   RO         2771    i.HAL_RTC_SetDate   stm32g4xx_hal_rtc.o
    0x0800226c   0x0800226c   0x000000d0   Code   RO         2772    i.HAL_RTC_SetTime   stm32g4xx_hal_rtc.o
    0x0800233c   0x0800233c   0x00000034   Code   RO         2773    i.HAL_RTC_WaitForSynchro  stm32g4xx_hal_rtc.o
    0x08002370   0x08002370   0x00000028   Code   RO         2638    i.HAL_SYSTICK_Config  stm32g4xx_hal_cortex.o
    0x08002398   0x08002398   0x0000003e   Code   RO         3599    i.HAL_UARTEx_DisableFifoMode  stm32g4xx_hal_uart_ex.o
    0x080023d6   0x080023d6   0x00000002   Code   RO         3603    i.HAL_UARTEx_RxFifoFullCallback  stm32g4xx_hal_uart_ex.o
    0x080023d8   0x080023d8   0x0000004c   Code   RO         3604    i.HAL_UARTEx_SetRxFifoThreshold  stm32g4xx_hal_uart_ex.o
    0x08002424   0x08002424   0x0000004c   Code   RO         3605    i.HAL_UARTEx_SetTxFifoThreshold  stm32g4xx_hal_uart_ex.o
    0x08002470   0x08002470   0x00000002   Code   RO         3607    i.HAL_UARTEx_TxFifoEmptyCallback  stm32g4xx_hal_uart_ex.o
    0x08002472   0x08002472   0x00000002   Code   RO         3608    i.HAL_UARTEx_WakeupCallback  stm32g4xx_hal_uart_ex.o
    0x08002474   0x08002474   0x00000002   Code   RO         3243    i.HAL_UART_ErrorCallback  stm32g4xx_hal_uart.o
    0x08002476   0x08002476   0x00000002   PAD
    0x08002478   0x08002478   0x0000019c   Code   RO         3246    i.HAL_UART_IRQHandler  stm32g4xx_hal_uart.o
    0x08002614   0x08002614   0x0000006a   Code   RO         3247    i.HAL_UART_Init     stm32g4xx_hal_uart.o
    0x0800267e   0x0800267e   0x00000002   PAD
    0x08002680   0x08002680   0x00000074   Code   RO          370    i.HAL_UART_MspInit  usart.o
    0x080026f4   0x080026f4   0x000000fc   Code   RO         3252    i.HAL_UART_Receive_IT  stm32g4xx_hal_uart.o
    0x080027f0   0x080027f0   0x00000034   Code   RO           15    i.HAL_UART_RxCpltCallback  main.o
    0x08002824   0x08002824   0x000000bc   Code   RO         3255    i.HAL_UART_Transmit  stm32g4xx_hal_uart.o
    0x080028e0   0x080028e0   0x00000002   Code   RO         3258    i.HAL_UART_TxCpltCallback  stm32g4xx_hal_uart.o
    0x080028e2   0x080028e2   0x00000002   Code   RO          413    i.HardFault_Handler  stm32g4xx_it.o
    0x080028e4   0x080028e4   0x0000002c   Code   RO          522    i.I2CInit           i2c_hal.o
    0x08002910   0x08002910   0x0000004e   Code   RO          523    i.I2CReceiveByte    i2c_hal.o
    0x0800295e   0x0800295e   0x0000004e   Code   RO          525    i.I2CSendByte       i2c_hal.o
    0x080029ac   0x080029ac   0x00000030   Code   RO          526    i.I2CSendNotAck     i2c_hal.o
    0x080029dc   0x080029dc   0x00000036   Code   RO          527    i.I2CStart          i2c_hal.o
    0x08002a12   0x08002a12   0x00000036   Code   RO          528    i.I2CStop           i2c_hal.o
    0x08002a48   0x08002a48   0x00000050   Code   RO          529    i.I2CWaitAck        i2c_hal.o
    0x08002a98   0x08002a98   0x0000009c   Code   RO           16    i.Key_Proc          main.o
    0x08002b34   0x08002b34   0x00000050   Code   RO           17    i.Key_Read          main.o
    0x08002b84   0x08002b84   0x0000002c   Code   RO          630    i.LCD_BusIn         lcd_hal.o
    0x08002bb0   0x08002bb0   0x00000030   Code   RO          631    i.LCD_BusOut        lcd_hal.o
    0x08002be0   0x08002be0   0x00000024   Code   RO          632    i.LCD_Clear         lcd_hal.o
    0x08002c04   0x08002c04   0x00000090   Code   RO          634    i.LCD_CtrlLinesConfig  lcd_hal.o
    0x08002c94   0x08002c94   0x00000018   Code   RO          635    i.LCD_DisplayChar   lcd_hal.o
    0x08002cac   0x08002cac   0x0000002a   Code   RO          638    i.LCD_DisplayStringLine  lcd_hal.o
    0x08002cd6   0x08002cd6   0x00000002   PAD
    0x08002cd8   0x08002cd8   0x00000058   Code   RO          639    i.LCD_DrawChar      lcd_hal.o
    0x08002d30   0x08002d30   0x00000034   Code   RO          645    i.LCD_Init          lcd_hal.o
    0x08002d64   0x08002d64   0x00000238   Code   RO           18    i.LCD_Proc          main.o
    0x08002f9c   0x08002f9c   0x00000080   Code   RO          648    i.LCD_ReadReg       lcd_hal.o
    0x0800301c   0x0800301c   0x00000010   Code   RO          649    i.LCD_SetBackColor  lcd_hal.o
    0x0800302c   0x0800302c   0x00000018   Code   RO          650    i.LCD_SetCursor     lcd_hal.o
    0x08003044   0x08003044   0x00000010   Code   RO          652    i.LCD_SetTextColor  lcd_hal.o
    0x08003054   0x08003054   0x00000058   Code   RO          655    i.LCD_WriteRAM      lcd_hal.o
    0x080030ac   0x080030ac   0x0000005c   Code   RO          656    i.LCD_WriteRAM_Prepare  lcd_hal.o
    0x08003108   0x08003108   0x0000006c   Code   RO          657    i.LCD_WriteReg      lcd_hal.o
    0x08003174   0x08003174   0x00000040   Code   RO           19    i.LED_Disp          main.o
    0x080031b4   0x080031b4   0x00000050   Code   RO           20    i.LED_Proc          main.o
    0x08003204   0x08003204   0x0000000c   Code   RO          931    i.LL_ADC_GetOffsetChannel  stm32g4xx_hal_adc.o
    0x08003210   0x08003210   0x00000008   Code   RO          932    i.LL_ADC_INJ_IsConversionOngoing  stm32g4xx_hal_adc.o
    0x08003218   0x08003218   0x00000008   Code   RO          933    i.LL_ADC_REG_IsConversionOngoing  stm32g4xx_hal_adc.o
    0x08003220   0x08003220   0x00000010   Code   RO          934    i.LL_ADC_REG_IsTriggerSourceSWStart  stm32g4xx_hal_adc.o
    0x08003230   0x08003230   0x0000001e   Code   RO          936    i.LL_ADC_SetChannelSamplingTime  stm32g4xx_hal_adc.o
    0x0800324e   0x0800324e   0x00000010   Code   RO          937    i.LL_ADC_SetOffsetState  stm32g4xx_hal_adc.o
    0x0800325e   0x0800325e   0x00000002   PAD
    0x08003260   0x08003260   0x0000007c   Code   RO          287    i.MX_ADC2_Init      adc.o
    0x080032dc   0x080032dc   0x000000f8   Code   RO          261    i.MX_GPIO_Init      gpio.o
    0x080033d4   0x080033d4   0x0000008c   Code   RO          329    i.MX_RTC_Init       rtc.o
    0x08003460   0x08003460   0x00000068   Code   RO          371    i.MX_USART1_UART_Init  usart.o
    0x080034c8   0x080034c8   0x00000002   Code   RO          414    i.MemManage_Handler  stm32g4xx_it.o
    0x080034ca   0x080034ca   0x00000002   Code   RO          415    i.NMI_Handler       stm32g4xx_it.o
    0x080034cc   0x080034cc   0x00000002   Code   RO          416    i.PendSV_Handler    stm32g4xx_it.o
    0x080034ce   0x080034ce   0x00000112   Code   RO          658    i.REG_8230_Init     lcd_hal.o
    0x080035e0   0x080035e0   0x00000202   Code   RO          659    i.REG_932X_Init     lcd_hal.o
    0x080037e2   0x080037e2   0x00000012   Code   RO         2774    i.RTC_Bcd2ToByte    stm32g4xx_hal_rtc.o
    0x080037f4   0x080037f4   0x00000018   Code   RO         2775    i.RTC_ByteToBcd2    stm32g4xx_hal_rtc.o
    0x0800380c   0x0800380c   0x0000004c   Code   RO         2776    i.RTC_EnterInitMode  stm32g4xx_hal_rtc.o
    0x08003858   0x08003858   0x00000058   Code   RO         2777    i.RTC_ExitInitMode  stm32g4xx_hal_rtc.o
    0x080038b0   0x080038b0   0x00000028   Code   RO           21    i.RTC_Proc          main.o
    0x080038d8   0x080038d8   0x000000c8   Code   RO           22    i.RX_Proc           main.o
    0x080039a0   0x080039a0   0x00000018   Code   RO          530    i.SCL_Output        i2c_hal.o
    0x080039b8   0x080039b8   0x00000018   Code   RO          531    i.SDA_Input         i2c_hal.o
    0x080039d0   0x080039d0   0x0000002c   Code   RO          532    i.SDA_Input_Mode    i2c_hal.o
    0x080039fc   0x080039fc   0x00000018   Code   RO          533    i.SDA_Output        i2c_hal.o
    0x08003a14   0x08003a14   0x0000002c   Code   RO          534    i.SDA_Output_Mode   i2c_hal.o
    0x08003a40   0x08003a40   0x00000002   Code   RO          417    i.SVC_Handler       stm32g4xx_it.o
    0x08003a42   0x08003a42   0x00000004   Code   RO          418    i.SysTick_Handler   stm32g4xx_it.o
    0x08003a46   0x08003a46   0x00000002   PAD
    0x08003a48   0x08003a48   0x0000007c   Code   RO           23    i.SystemClock_Config  main.o
    0x08003ac4   0x08003ac4   0x0000001c   Code   RO         3693    i.SystemInit        system_stm32g4xx.o
    0x08003ae0   0x08003ae0   0x00000094   Code   RO           24    i.TX_Proc           main.o
    0x08003b74   0x08003b74   0x00000064   Code   RO         3609    i.UARTEx_SetNbDataToProcess  stm32g4xx_hal_uart_ex.o
    0x08003bd8   0x08003bd8   0x000000c8   Code   RO         3260    i.UART_AdvFeatureConfig  stm32g4xx_hal_uart.o
    0x08003ca0   0x08003ca0   0x0000005e   Code   RO         3261    i.UART_CheckIdleState  stm32g4xx_hal_uart.o
    0x08003cfe   0x08003cfe   0x00000014   Code   RO         3262    i.UART_DMAAbortOnError  stm32g4xx_hal_uart.o
    0x08003d12   0x08003d12   0x00000002   PAD
    0x08003d14   0x08003d14   0x00000024   Code   RO         3272    i.UART_EndRxTransfer  stm32g4xx_hal_uart.o
    0x08003d38   0x08003d38   0x0000005e   Code   RO         3274    i.UART_RxISR_16BIT  stm32g4xx_hal_uart.o
    0x08003d96   0x08003d96   0x00000002   PAD
    0x08003d98   0x08003d98   0x000000a0   Code   RO         3275    i.UART_RxISR_16BIT_FIFOEN  stm32g4xx_hal_uart.o
    0x08003e38   0x08003e38   0x0000005e   Code   RO         3276    i.UART_RxISR_8BIT   stm32g4xx_hal_uart.o
    0x08003e96   0x08003e96   0x00000002   PAD
    0x08003e98   0x08003e98   0x000000a0   Code   RO         3277    i.UART_RxISR_8BIT_FIFOEN  stm32g4xx_hal_uart.o
    0x08003f38   0x08003f38   0x000007a6   Code   RO         3278    i.UART_SetConfig    stm32g4xx_hal_uart.o
    0x080046de   0x080046de   0x00000064   Code   RO         3283    i.UART_WaitOnFlagUntilTimeout  stm32g4xx_hal_uart.o
    0x08004742   0x08004742   0x00000002   PAD
    0x08004744   0x08004744   0x0000000c   Code   RO          419    i.USART1_IRQHandler  stm32g4xx_it.o
    0x08004750   0x08004750   0x00000002   Code   RO          420    i.UsageFault_Handler  stm32g4xx_it.o
    0x08004752   0x08004752   0x00000002   PAD
    0x08004754   0x08004754   0x00000020   Code   RO         3967    i.__0printf         mc_w.l(printfa.o)
    0x08004774   0x08004774   0x00000028   Code   RO         3969    i.__0sprintf        mc_w.l(printfa.o)
    0x0800479c   0x0800479c   0x00000020   Code   RO         2640    i.__NVIC_SetPriority  stm32g4xx_hal_cortex.o
    0x080047bc   0x080047bc   0x0000000e   Code   RO         4038    i.__scatterload_copy  mc_w.l(handlers.o)
    0x080047ca   0x080047ca   0x00000002   Code   RO         4039    i.__scatterload_null  mc_w.l(handlers.o)
    0x080047cc   0x080047cc   0x0000000e   Code   RO         4040    i.__scatterload_zeroinit  mc_w.l(handlers.o)
    0x080047da   0x080047da   0x00000002   PAD
    0x080047dc   0x080047dc   0x00000184   Code   RO         3974    i._fp_digits        mc_w.l(printfa.o)
    0x08004960   0x08004960   0x000006b4   Code   RO         3975    i._printf_core      mc_w.l(printfa.o)
    0x08005014   0x08005014   0x00000024   Code   RO         3976    i._printf_post_padding  mc_w.l(printfa.o)
    0x08005038   0x08005038   0x0000002e   Code   RO         3977    i._printf_pre_padding  mc_w.l(printfa.o)
    0x08005066   0x08005066   0x0000000a   Code   RO         3979    i._sputc            mc_w.l(printfa.o)
    0x08005070   0x08005070   0x0000000c   Code   RO          535    i.delay1            i2c_hal.o
    0x0800507c   0x0800507c   0x00000018   Code   RO           25    i.fputc             main.o
    0x08005094   0x08005094   0x00000094   Code   RO           26    i.main              main.o
    0x08005128   0x08005128   0x000011d0   Data   RO          660    .constdata          lcd_hal.o
    0x080062f8   0x080062f8   0x00000010   Data   RO         3694    .constdata          system_stm32g4xx.o
    0x08006308   0x08006308   0x00000008   Data   RO         3695    .constdata          system_stm32g4xx.o
    0x08006310   0x08006310   0x00000020   Data   RO         4036    Region$$Table       anon$$obj.o


    Execution Region RW_IRAM1 (Exec base: 0x20000000, Load base: 0x08006330, Size: 0x00000598, Max: 0x00008000, ABSOLUTE)

    Exec Addr    Load Addr    Size         Type   Attr      Idx    E Section Name        Object

    0x20000000   0x08006330   0x00000034   Data   RW           29    .data               main.o
    0x20000034   0x08006364   0x00000004   Data   RW           30    .data               main.o
    0x20000038   0x08006368   0x00000006   Data   RW          661    .data               lcd_hal.o
    0x2000003e   0x0800636e   0x00000002   PAD
    0x20000040   0x08006370   0x0000000c   Data   RW         1383    .data               stm32g4xx_hal.o
    0x2000004c   0x0800637c   0x00000004   Data   RW         3696    .data               system_stm32g4xx.o
    0x20000050        -       0x00000028   Zero   RW           27    .bss                main.o
    0x20000078        -       0x0000006c   Zero   RW          288    .bss                adc.o
    0x200000e4        -       0x00000028   Zero   RW          330    .bss                rtc.o
    0x2000010c        -       0x0000008c   Zero   RW          372    .bss                usart.o
    0x20000198        -       0x00000400   Zero   RW            1    STACK               startup_stm32g431xx.o


==============================================================================

Image component sizes


      Code (inc. data)   RO Data    RW Data    ZI Data      Debug   Object Name

       220         28          0          0        108       1769   adc.o
       248         16          0          0          0       1047   gpio.o
       722         28          0          0          0       8785   i2c_hal.o
      1766         76       4560          6          0      11802   lcd_hal.o
      1766        524          0         56         40     621237   main.o
       172         18          0          0         40       1607   rtc.o
        36          8        472          0       1024        848   startup_stm32g431xx.o
       162         24          0         12          0       4453   stm32g4xx_hal.o
      2634        124          0          0          0      81341   stm32g4xx_hal_adc.o
       198         14          0          0          0      34055   stm32g4xx_hal_cortex.o
       120          0          0          0          0       1239   stm32g4xx_hal_dma.o
       476         34          0          0          0       3183   stm32g4xx_hal_gpio.o
        56          8          0          0          0       8734   stm32g4xx_hal_msp.o
       188         14          0          0          0        858   stm32g4xx_hal_pwr_ex.o
      1696         92          0          0          0       6088   stm32g4xx_hal_rcc.o
       648         10          0          0          0       1916   stm32g4xx_hal_rcc_ex.o
       946         60          0          0          0       8399   stm32g4xx_hal_rtc.o
      3878        106          0          0          0      15588   stm32g4xx_hal_uart.o
       320         18          0          0          0       5502   stm32g4xx_hal_uart_ex.o
        32          6          0          0          0       4738   stm32g4xx_it.o
        28          6         24          4          0       1191   system_stm32g4xx.o
       220         20          0          0        140       1798   usart.o

    ----------------------------------------------------------------------
     16560       1234       5088         80       1352     826178   Object Totals
         0          0         32          0          0          0   (incl. Generated)
        28          0          0          2          0          0   (incl. Padding)

    ----------------------------------------------------------------------

      Code (inc. data)   RO Data    RW Data    ZI Data      Debug   Library Member Name

         0          0          0          0          0          0   entry.o
         0          0          0          0          0          0   entry10a.o
         0          0          0          0          0          0   entry11a.o
         4          0          0          0          0          0   entry12b.o
         8          4          0          0          0          0   entry2.o
         4          0          0          0          0          0   entry5.o
         0          0          0          0          0          0   entry7b.o
         0          0          0          0          0          0   entry8b.o
         8          4          0          0          0          0   entry9a.o
        30          0          0          0          0          0   handlers.o
        36          8          0          0          0         68   init.o
         0          0          0          0          0          0   iusefp.o
        30          0          0          0          0         68   llshl.o
        36          0          0          0          0         68   llsshr.o
        32          0          0          0          0         68   llushr.o
        36          0          0          0          0        108   memseta.o
      2268         96          0          0          0        616   printfa.o
        44          0          0          0          0         80   uidiv.o
        98          0          0          0          0         92   uldiv.o
        48          0          0          0          0         68   cdrcmple.o
       334          0          0          0          0        148   dadd.o
       222          0          0          0          0        100   ddiv.o
       186          0          0          0          0        176   depilogue.o
        48          0          0          0          0         68   dfixul.o
       228          0          0          0          0         96   dmul.o
        38          0          0          0          0         68   f2d.o

    ----------------------------------------------------------------------
      3744        112          0          0          0       1892   Library Totals
         6          0          0          0          0          0   (incl. Padding)

    ----------------------------------------------------------------------

      Code (inc. data)   RO Data    RW Data    ZI Data      Debug   Library Name

      2634        112          0          0          0       1168   mc_w.l
      1104          0          0          0          0        724   mf_w.l

    ----------------------------------------------------------------------
      3744        112          0          0          0       1892   Library Totals

    ----------------------------------------------------------------------

==============================================================================


      Code (inc. data)   RO Data    RW Data    ZI Data      Debug   

     20304       1346       5088         80       1352     814638   Grand Totals
     20304       1346       5088         80       1352     814638   ELF Image Totals
     20304       1346       5088         80          0          0   ROM Totals

==============================================================================

    Total RO  Size (Code + RO Data)                25392 (  24.80kB)
    Total RW  Size (RW Data + ZI Data)              1432 (   1.40kB)
    Total ROM Size (Code + RO Data + RW Data)      25472 (  24.88kB)

==============================================================================

